Archive member included to satisfy reference by file (symbol)

c:/program files (x86)/atollic/truestudio for stm32 9.2.0/armtools/bin/../lib/gcc/arm-atollic-eabi/6.3.1/../../../../arm-atollic-eabi/lib/armv6-m\libc_nano.a(lib_a-errno.o)
                              Src\syscalls.o (__errno)
c:/program files (x86)/atollic/truestudio for stm32 9.2.0/armtools/bin/../lib/gcc/arm-atollic-eabi/6.3.1/../../../../arm-atollic-eabi/lib/armv6-m\libc_nano.a(lib_a-impure.o)
                              c:/program files (x86)/atollic/truestudio for stm32 9.2.0/armtools/bin/../lib/gcc/arm-atollic-eabi/6.3.1/../../../../arm-atollic-eabi/lib/armv6-m\libc_nano.a(lib_a-errno.o) (_impure_ptr)
c:/program files (x86)/atollic/truestudio for stm32 9.2.0/armtools/bin/../lib/gcc/arm-atollic-eabi/6.3.1/../../../../arm-atollic-eabi/lib/armv6-m\libc_nano.a(lib_a-init.o)
                              startup\startup_stm32l053xx.o (__libc_init_array)
c:/program files (x86)/atollic/truestudio for stm32 9.2.0/armtools/bin/../lib/gcc/arm-atollic-eabi/6.3.1/../../../../arm-atollic-eabi/lib/armv6-m\libc_nano.a(lib_a-memcpy-stub.o)
                              Src\gps.o (memcpy)
c:/program files (x86)/atollic/truestudio for stm32 9.2.0/armtools/bin/../lib/gcc/arm-atollic-eabi/6.3.1/../../../../arm-atollic-eabi/lib/armv6-m\libc_nano.a(lib_a-memset.o)
                              Drivers\STM32L0xx_HAL_Driver\Src\stm32l0xx_hal_rcc.o (memset)
c:/program files (x86)/atollic/truestudio for stm32 9.2.0/armtools/bin/../lib/gcc/arm-atollic-eabi/6.3.1/../../../../arm-atollic-eabi/lib/armv6-m\libc_nano.a(lib_a-strcat.o)
                              Src\gps.o (strcat)
c:/program files (x86)/atollic/truestudio for stm32 9.2.0/armtools/bin/../lib/gcc/arm-atollic-eabi/6.3.1/../../../../arm-atollic-eabi/lib/armv6-m\libc_nano.a(lib_a-strcmp.o)
                              Src\gps.o (strcmp)
c:/program files (x86)/atollic/truestudio for stm32 9.2.0/armtools/bin/../lib/gcc/arm-atollic-eabi/6.3.1/../../../../arm-atollic-eabi/lib/armv6-m\libc_nano.a(lib_a-strcpy.o)
                              Src\gps.o (strcpy)
c:/program files (x86)/atollic/truestudio for stm32 9.2.0/armtools/bin/../lib/gcc/arm-atollic-eabi/6.3.1/armv6-m\libgcc.a(_thumb1_case_uqi.o)
                              Drivers\STM32L0xx_HAL_Driver\Src\stm32l0xx_hal_dma.o (__gnu_thumb1_case_uqi)
c:/program files (x86)/atollic/truestudio for stm32 9.2.0/armtools/bin/../lib/gcc/arm-atollic-eabi/6.3.1/armv6-m\libgcc.a(_udivsi3.o)
                              Drivers\STM32L0xx_HAL_Driver\Src\stm32l0xx_hal.o (__aeabi_uidiv)
c:/program files (x86)/atollic/truestudio for stm32 9.2.0/armtools/bin/../lib/gcc/arm-atollic-eabi/6.3.1/armv6-m\libgcc.a(_divsi3.o)
                              Src\hr.o (__aeabi_idiv)
c:/program files (x86)/atollic/truestudio for stm32 9.2.0/armtools/bin/../lib/gcc/arm-atollic-eabi/6.3.1/armv6-m\libgcc.a(_dvmd_tls.o)
                              c:/program files (x86)/atollic/truestudio for stm32 9.2.0/armtools/bin/../lib/gcc/arm-atollic-eabi/6.3.1/armv6-m\libgcc.a(_udivsi3.o) (__aeabi_idiv0)
c:/program files (x86)/atollic/truestudio for stm32 9.2.0/armtools/bin/../lib/gcc/arm-atollic-eabi/6.3.1/armv6-m\libgcc.a(_aeabi_uldivmod.o)
                              Drivers\STM32L0xx_HAL_Driver\Src\stm32l0xx_hal_uart.o (__aeabi_uldivmod)
c:/program files (x86)/atollic/truestudio for stm32 9.2.0/armtools/bin/../lib/gcc/arm-atollic-eabi/6.3.1/armv6-m\libgcc.a(_udivmoddi4.o)
                              c:/program files (x86)/atollic/truestudio for stm32 9.2.0/armtools/bin/../lib/gcc/arm-atollic-eabi/6.3.1/armv6-m\libgcc.a(_aeabi_uldivmod.o) (__udivmoddi4)
c:/program files (x86)/atollic/truestudio for stm32 9.2.0/armtools/bin/../lib/gcc/arm-atollic-eabi/6.3.1/armv6-m\libgcc.a(_clzdi2.o)
                              c:/program files (x86)/atollic/truestudio for stm32 9.2.0/armtools/bin/../lib/gcc/arm-atollic-eabi/6.3.1/armv6-m\libgcc.a(_udivmoddi4.o) (__clzdi2)
c:/program files (x86)/atollic/truestudio for stm32 9.2.0/armtools/bin/../lib/gcc/arm-atollic-eabi/6.3.1/armv6-m\libgcc.a(_clzsi2.o)
                              c:/program files (x86)/atollic/truestudio for stm32 9.2.0/armtools/bin/../lib/gcc/arm-atollic-eabi/6.3.1/armv6-m\libgcc.a(_clzdi2.o) (__clzsi2)

Allocating common symbols
Common symbol       size              file

hspi2               0x58              Src\main.o
HR_Valid            0x4               Src\main.o
hi2c1               0x4c              Src\main.o
uwTick              0x4               Drivers\STM32L0xx_HAL_Driver\Src\stm32l0xx_hal.o
pFlash              0x18              Drivers\STM32L0xx_HAL_Driver\Src\stm32l0xx_hal_flash.o
hdma_usart1_rx      0x48              Src\main.o
huart1              0x80              Src\main.o
GGA_MESSAGE         0x32              Src\main.o
sendMeasurements    0x1b              Src\main.o
longitude           0xb               Src\main.o
fix                 0x2               Src\main.o
[...]
Memory Configuration

Name             Origin             Length             Attributes
RAM              0x20000000         0x00002000         xrw
FLASH            0x08000000         0x00010000         xr
*default*        0x00000000         0xffffffff

Linker script and memory map

LOAD c:/program files (x86)/atollic/truestudio for stm32 9.2.0/armtools/bin/../lib/gcc/arm-atollic-eabi/6.3.1/armv6-m/crti.o
LOAD c:/program files (x86)/atollic/truestudio for stm32 9.2.0/armtools/bin/../lib/gcc/arm-atollic-eabi/6.3.1/armv6-m/crtbegin.o
LOAD Drivers\STM32L0xx_HAL_Driver\Src\stm32l0xx_hal.o
LOAD Drivers\STM32L0xx_HAL_Driver\Src\stm32l0xx_hal_cortex.o
LOAD Drivers\STM32L0xx_HAL_Driver\Src\stm32l0xx_hal_dma.o
LOAD Drivers\STM32L0xx_HAL_Driver\Src\stm32l0xx_hal_flash.o
LOAD Drivers\STM32L0xx_HAL_Driver\Src\stm32l0xx_hal_flash_ex.o
LOAD Drivers\STM32L0xx_HAL_Driver\Src\stm32l0xx_hal_flash_ramfunc.o
LOAD Drivers\STM32L0xx_HAL_Driver\Src\stm32l0xx_hal_gpio.o
LOAD Drivers\STM32L0xx_HAL_Driver\Src\stm32l0xx_hal_i2c.o
LOAD Drivers\STM32L0xx_HAL_Driver\Src\stm32l0xx_hal_i2c_ex.o
LOAD Drivers\STM32L0xx_HAL_Driver\Src\stm32l0xx_hal_pwr.o
LOAD Drivers\STM32L0xx_HAL_Driver\Src\stm32l0xx_hal_pwr_ex.o
LOAD Drivers\STM32L0xx_HAL_Driver\Src\stm32l0xx_hal_rcc.o
LOAD Drivers\STM32L0xx_HAL_Driver\Src\stm32l0xx_hal_rcc_ex.o
LOAD Drivers\STM32L0xx_HAL_Driver\Src\stm32l0xx_hal_spi.o
LOAD Drivers\STM32L0xx_HAL_Driver\Src\stm32l0xx_hal_tim.o
LOAD Drivers\STM32L0xx_HAL_Driver\Src\stm32l0xx_hal_tim_ex.o
LOAD Drivers\STM32L0xx_HAL_Driver\Src\stm32l0xx_hal_uart.o
LOAD Drivers\STM32L0xx_HAL_Driver\Src\stm32l0xx_hal_uart_ex.o
LOAD Src\gps.o
LOAD Src\hr.o
LOAD Src\lora.o
LOAD Src\main.o
LOAD Src\oled.o
LOAD Src\stm32l0xx_hal_msp.o
LOAD Src\stm32l0xx_it.o
LOAD Src\syscalls.o
LOAD Src\system_stm32l0xx.o
LOAD startup\startup_stm32l053xx.o
                0x00000080                malloc_getpagesize_P = 0x80
START GROUP
LOAD c:/program files (x86)/atollic/truestudio for stm32 9.2.0/armtools/bin/../lib/gcc/arm-atollic-eabi/6.3.1/../../../../arm-atollic-eabi/lib/armv6-m\libc_nano.a
LOAD c:/program files (x86)/atollic/truestudio for stm32 9.2.0/armtools/bin/../lib/gcc/arm-atollic-eabi/6.3.1/../../../../arm-atollic-eabi/lib/armv6-m\libm.a
END GROUP
START GROUP
LOAD c:/program files (x86)/atollic/truestudio for stm32 9.2.0/armtools/bin/../lib/gcc/arm-atollic-eabi/6.3.1/armv6-m\libgcc.a
LOAD c:/program files (x86)/atollic/truestudio for stm32 9.2.0/armtools/bin/../lib/gcc/arm-atollic-eabi/6.3.1/../../../../arm-atollic-eabi/lib/armv6-m\libc_nano.a
END GROUP
START GROUP
LOAD c:/program files (x86)/atollic/truestudio for stm32 9.2.0/armtools/bin/../lib/gcc/arm-atollic-eabi/6.3.1/armv6-m\libgcc.a
LOAD c:/program files (x86)/atollic/truestudio for stm32 9.2.0/armtools/bin/../lib/gcc/arm-atollic-eabi/6.3.1/../../../../arm-atollic-eabi/lib/armv6-m\libc_nano.a
LOAD c:/program files (x86)/atollic/truestudio for stm32 9.2.0/armtools/bin/../lib/gcc/arm-atollic-eabi/6.3.1/../../../../arm-atollic-eabi/lib/armv6-m\libnosys.a
END GROUP
START GROUP
LOAD c:/program files (x86)/atollic/truestudio for stm32 9.2.0/armtools/bin/../lib/gcc/arm-atollic-eabi/6.3.1/armv6-m\libgcc.a
LOAD c:/program files (x86)/atollic/truestudio for stm32 9.2.0/armtools/bin/../lib/gcc/arm-atollic-eabi/6.3.1/../../../../arm-atollic-eabi/lib/armv6-m\libc_nano.a
LOAD c:/program files (x86)/atollic/truestudio for stm32 9.2.0/armtools/bin/../lib/gcc/arm-atollic-eabi/6.3.1/../../../../arm-atollic-eabi/lib/armv6-m\libnosys.a
END GROUP
LOAD c:/program files (x86)/atollic/truestudio for stm32 9.2.0/armtools/bin/../lib/gcc/arm-atollic-eabi/6.3.1/armv6-m/crtend.o
LOAD c:/program files (x86)/atollic/truestudio for stm32 9.2.0/armtools/bin/../lib/gcc/arm-atollic-eabi/6.3.1/armv6-m/crtn.o
                0x20002000                _estack = 0x20002000
                0x00000200                _Min_Heap_Size = 0x200
                0x00000400                _Min_Stack_Size = 0x400

.isr_vector     0x08000000       0xc0
                0x08000000                . = ALIGN (0x4)
 *(.isr_vector)
 .isr_vector    0x08000000       0xc0 startup\startup_stm32l053xx.o
                0x08000000                g_pfnVectors
                0x080000c0                . = ALIGN (0x4)

.text           0x080000c0     0x3c70
                0x080000c0                . = ALIGN (0x4)
 *(.text)
 .text          0x080000c0       0x48 c:/program files (x86)/atollic/truestudio for stm32 9.2.0/armtools/bin/../lib/gcc/arm-atollic-eabi/6.3.1/armv6-m/crtbegin.o
 .text          0x08000108       0x14 c:/program files (x86)/atollic/truestudio for stm32 9.2.0/armtools/bin/../lib/gcc/arm-atollic-eabi/6.3.1/../../../../arm-atollic-eabi/lib/armv6-m\libc_nano.a(lib_a-strcmp.o)
                0x08000108                strcmp
 .text          0x0800011c       0x14 c:/program files (x86)/atollic/truestudio for stm32 9.2.0/armtools/bin/../lib/gcc/arm-atollic-eabi/6.3.1/armv6-m\libgcc.a(_thumb1_case_uqi.o)
                0x0800011c                __gnu_thumb1_case_uqi
 .text          0x08000130      0x114 c:/program files (x86)/atollic/truestudio for stm32 9.2.0/armtools/bin/../lib/gcc/arm-atollic-eabi/6.3.1/armv6-m\libgcc.a(_udivsi3.o)
                0x08000130                __aeabi_uidiv
                0x08000130                __udivsi3
                0x0800023c                __aeabi_uidivmod
 .text          0x08000244      0x1d4 c:/program files (x86)/atollic/truestudio for stm32 9.2.0/armtools/bin/../lib/gcc/arm-atollic-eabi/6.3.1/armv6-m\libgcc.a(_divsi3.o)
                0x08000244                __divsi3
                0x08000244                __aeabi_idiv
                0x08000410                __aeabi_idivmod
 .text          0x08000418        0x4 c:/program files (x86)/atollic/truestudio for stm32 9.2.0/armtools/bin/../lib/gcc/arm-atollic-eabi/6.3.1/armv6-m\libgcc.a(_dvmd_tls.o)
                0x08000418                __aeabi_idiv0
                0x08000418                __aeabi_ldiv0
 .text          0x0800041c       0x40 c:/program files (x86)/atollic/truestudio for stm32 9.2.0/armtools/bin/../lib/gcc/arm-atollic-eabi/6.3.1/armv6-m\libgcc.a(_aeabi_uldivmod.o)
                0x0800041c                __aeabi_uldivmod
 .text          0x0800045c      0x180 c:/program files (x86)/atollic/truestudio for stm32 9.2.0/armtools/bin/../lib/gcc/arm-atollic-eabi/6.3.1/armv6-m\libgcc.a(_udivmoddi4.o)
                0x0800045c                __udivmoddi4
 .text          0x080005dc       0x18 c:/program files (x86)/atollic/truestudio for stm32 9.2.0/armtools/bin/../lib/gcc/arm-atollic-eabi/6.3.1/armv6-m\libgcc.a(_clzdi2.o)
                0x080005dc                __clzdi2
 .text          0x080005f4       0x3c c:/program files (x86)/atollic/truestudio for stm32 9.2.0/armtools/bin/../lib/gcc/arm-atollic-eabi/6.3.1/armv6-m\libgcc.a(_clzsi2.o)
                0x080005f4                __clzsi2
 *(.text*)
 .text.HAL_InitTick
                0x08000630       0x30 Drivers\STM32L0xx_HAL_Driver\Src\stm32l0xx_hal.o
                0x08000630                HAL_InitTick
 .text.HAL_Init
                0x08000660       0x28 Drivers\STM32L0xx_HAL_Driver\Src\stm32l0xx_hal.o
                0x08000660                HAL_Init
 .text.HAL_IncTick
                0x08000688       0x10 Drivers\STM32L0xx_HAL_Driver\Src\stm32l0xx_hal.o
                0x08000688                HAL_IncTick
 .text.HAL_GetTick
                0x08000698        0xc Drivers\STM32L0xx_HAL_Driver\Src\stm32l0xx_hal.o
                0x08000698                HAL_GetTick
 .text.HAL_Delay
                0x080006a4       0x1e Drivers\STM32L0xx_HAL_Driver\Src\stm32l0xx_hal.o
                0x080006a4                HAL_Delay
 *fill*         0x080006c2        0x2 
 .text.HAL_NVIC_SetPriority
                0x080006c4       0x60 Drivers\STM32L0xx_HAL_Driver\Src\stm32l0xx_hal_cortex.o
                0x080006c4                HAL_NVIC_SetPriority
 .text.HAL_NVIC_EnableIRQ
                0x08000724       0x14 Drivers\STM32L0xx_HAL_Driver\Src\stm32l0xx_hal_cortex.o
                0x08000724                HAL_NVIC_EnableIRQ
 .text.HAL_SYSTICK_Config
                0x08000738       0x34 Drivers\STM32L0xx_HAL_Driver\Src\stm32l0xx_hal_cortex.o
                0x08000738                HAL_SYSTICK_Config
 .text.HAL_DMA_Init
                0x0800076c       0x88 Drivers\STM32L0xx_HAL_Driver\Src\stm32l0xx_hal_dma.o
                0x0800076c                HAL_DMA_Init
 .text.HAL_DMA_Start_IT
                0x080007f4       0x7e Drivers\STM32L0xx_HAL_Driver\Src\stm32l0xx_hal_dma.o
                0x080007f4                HAL_DMA_Start_IT
 .text.HAL_DMA_Abort_IT
                0x08000872       0x4a Drivers\STM32L0xx_HAL_Driver\Src\stm32l0xx_hal_dma.o
                0x08000872                HAL_DMA_Abort_IT
 .text.HAL_DMA_IRQHandler
                0x080008bc       0x96 Drivers\STM32L0xx_HAL_Driver\Src\stm32l0xx_hal_dma.o
                0x080008bc                HAL_DMA_IRQHandler
 *fill*         0x08000952        0x2 
 .text.HAL_GPIO_Init
                0x08000954      0x16c Drivers\STM32L0xx_HAL_Driver\Src\stm32l0xx_hal_gpio.o
                0x08000954                HAL_GPIO_Init
 .text.HAL_GPIO_WritePin
                0x08000ac0        0xc Drivers\STM32L0xx_HAL_Driver\Src\stm32l0xx_hal_gpio.o
                0x08000ac0                HAL_GPIO_WritePin
 .text.HAL_GPIO_EXTI_IRQHandler
                0x08000acc       0x18 Drivers\STM32L0xx_HAL_Driver\Src\stm32l0xx_hal_gpio.o
                0x08000acc                HAL_GPIO_EXTI_IRQHandler
 .text.I2C_Flush_TXDR
                0x08000ae4       0x1c Drivers\STM32L0xx_HAL_Driver\Src\stm32l0xx_hal_i2c.o
 .text.I2C_TransferConfig
                0x08000b00       0x2c Drivers\STM32L0xx_HAL_Driver\Src\stm32l0xx_hal_i2c.o
 .text.I2C_WaitOnFlagUntilTimeout
                0x08000b2c       0x50 Drivers\STM32L0xx_HAL_Driver\Src\stm32l0xx_hal_i2c.o
 .text.I2C_IsAcknowledgeFailed
                0x08000b7c       0x7c Drivers\STM32L0xx_HAL_Driver\Src\stm32l0xx_hal_i2c.o
 .text.I2C_WaitOnTXISFlagUntilTimeout
                0x08000bf8       0x54 Drivers\STM32L0xx_HAL_Driver\Src\stm32l0xx_hal_i2c.o
 .text.I2C_WaitOnSTOPFlagUntilTimeout
                0x08000c4c       0x50 Drivers\STM32L0xx_HAL_Driver\Src\stm32l0xx_hal_i2c.o
 .text.I2C_WaitOnRXNEFlagUntilTimeout
                0x08000c9c       0x80 Drivers\STM32L0xx_HAL_Driver\Src\stm32l0xx_hal_i2c.o
 .text.HAL_I2C_Init
                0x08000d1c       0xac Drivers\STM32L0xx_HAL_Driver\Src\stm32l0xx_hal_i2c.o
                0x08000d1c                HAL_I2C_Init
 .text.HAL_I2C_Master_Transmit
                0x08000dc8      0x12c Drivers\STM32L0xx_HAL_Driver\Src\stm32l0xx_hal_i2c.o
                0x08000dc8                HAL_I2C_Master_Transmit
 .text.HAL_I2C_Master_Receive
                0x08000ef4      0x130 Drivers\STM32L0xx_HAL_Driver\Src\stm32l0xx_hal_i2c.o
                0x08000ef4                HAL_I2C_Master_Receive
 .text.HAL_I2CEx_ConfigAnalogFilter
                0x08001024       0x4c Drivers\STM32L0xx_HAL_Driver\Src\stm32l0xx_hal_i2c_ex.o
                0x08001024                HAL_I2CEx_ConfigAnalogFilter
 .text.HAL_I2CEx_ConfigDigitalFilter
                0x08001070       0x48 Drivers\STM32L0xx_HAL_Driver\Src\stm32l0xx_hal_i2c_ex.o
                0x08001070                HAL_I2CEx_ConfigDigitalFilter
 .text.HAL_RCC_GetSysClockFreq
                0x080010b8       0x78 Drivers\STM32L0xx_HAL_Driver\Src\stm32l0xx_hal_rcc.o
                0x080010b8                HAL_RCC_GetSysClockFreq
 .text.HAL_RCC_OscConfig
                0x08001130      0x508 Drivers\STM32L0xx_HAL_Driver\Src\stm32l0xx_hal_rcc.o
                0x08001130                HAL_RCC_OscConfig
 .text.HAL_RCC_ClockConfig
                0x08001638      0x170 Drivers\STM32L0xx_HAL_Driver\Src\stm32l0xx_hal_rcc.o
                0x08001638                HAL_RCC_ClockConfig
 .text.HAL_RCC_GetPCLK1Freq
                0x080017a8       0x20 Drivers\STM32L0xx_HAL_Driver\Src\stm32l0xx_hal_rcc.o
                0x080017a8                HAL_RCC_GetPCLK1Freq
 .text.HAL_RCC_GetPCLK2Freq
                0x080017c8       0x20 Drivers\STM32L0xx_HAL_Driver\Src\stm32l0xx_hal_rcc.o
                0x080017c8                HAL_RCC_GetPCLK2Freq
 .text.HAL_RCCEx_PeriphCLKConfig
                0x080017e8      0x1bc Drivers\STM32L0xx_HAL_Driver\Src\stm32l0xx_hal_rcc_ex.o
                0x080017e8                HAL_RCCEx_PeriphCLKConfig
 .text.SPI_WaitFlagStateUntilTimeout.constprop.8
                0x080019a4       0x84 Drivers\STM32L0xx_HAL_Driver\Src\stm32l0xx_hal_spi.o
 .text.SPI_EndRxTransaction
                0x08001a28       0x54 Drivers\STM32L0xx_HAL_Driver\Src\stm32l0xx_hal_spi.o
 .text.SPI_EndRxTxTransaction
                0x08001a7c       0x3e Drivers\STM32L0xx_HAL_Driver\Src\stm32l0xx_hal_spi.o
 *fill*         0x08001aba        0x2 
 .text.HAL_SPI_Init
                0x08001abc       0x80 Drivers\STM32L0xx_HAL_Driver\Src\stm32l0xx_hal_spi.o
                0x08001abc                HAL_SPI_Init
 .text.HAL_SPI_Transmit
                0x08001b3c      0x16e Drivers\STM32L0xx_HAL_Driver\Src\stm32l0xx_hal_spi.o
                0x08001b3c                HAL_SPI_Transmit
 .text.HAL_SPI_TransmitReceive
                0x08001caa      0x1ec Drivers\STM32L0xx_HAL_Driver\Src\stm32l0xx_hal_spi.o
                0x08001caa                HAL_SPI_TransmitReceive
 *fill*         0x08001e96        0x2 
 .text.HAL_SPI_Receive
                0x08001e98      0x14c Drivers\STM32L0xx_HAL_Driver\Src\stm32l0xx_hal_spi.o
                0x08001e98                HAL_SPI_Receive
 .text.HAL_SPI_GetState
                0x08001fe4        0x8 Drivers\STM32L0xx_HAL_Driver\Src\stm32l0xx_hal_spi.o
                0x08001fe4                HAL_SPI_GetState
 .text.UART_EndRxTransfer
                0x08001fec       0x24 Drivers\STM32L0xx_HAL_Driver\Src\stm32l0xx_hal_uart.o
 .text.HAL_UART_Receive_DMA
                0x08002010       0xb0 Drivers\STM32L0xx_HAL_Driver\Src\stm32l0xx_hal_uart.o
                0x08002010                HAL_UART_Receive_DMA
 .text.HAL_UART_TxCpltCallback
                0x080020c0        0x2 Drivers\STM32L0xx_HAL_Driver\Src\stm32l0xx_hal_uart.o
                0x080020c0                HAL_UART_TxCpltCallback
 *fill*         0x080020c2        0x2 
 .text.UART_DMAReceiveCplt
                0x080020c4       0x40 Drivers\STM32L0xx_HAL_Driver\Src\stm32l0xx_hal_uart.o
 .text.HAL_UART_RxHalfCpltCallback
                0x08002104        0x2 Drivers\STM32L0xx_HAL_Driver\Src\stm32l0xx_hal_uart.o
                0x08002104                HAL_UART_RxHalfCpltCallback
 .text.UART_DMARxHalfCplt
                0x08002106        0xa Drivers\STM32L0xx_HAL_Driver\Src\stm32l0xx_hal_uart.o
 .text.HAL_UART_ErrorCallback
                0x08002110        0x2 Drivers\STM32L0xx_HAL_Driver\Src\stm32l0xx_hal_uart.o
                0x08002110                HAL_UART_ErrorCallback
 .text.UART_DMAError
                0x08002112       0x50 Drivers\STM32L0xx_HAL_Driver\Src\stm32l0xx_hal_uart.o
 *fill*         0x08002162        0x2 
 .text.HAL_UART_IRQHandler
                0x08002164      0x138 Drivers\STM32L0xx_HAL_Driver\Src\stm32l0xx_hal_uart.o
                0x08002164                HAL_UART_IRQHandler
 .text.UART_DMAAbortOnError
                0x0800229c       0x16 Drivers\STM32L0xx_HAL_Driver\Src\stm32l0xx_hal_uart.o
 *fill*         0x080022b2        0x2 
 .text.UART_SetConfig
                0x080022b4      0x23c Drivers\STM32L0xx_HAL_Driver\Src\stm32l0xx_hal_uart.o
                0x080022b4                UART_SetConfig
 .text.UART_AdvFeatureConfig
                0x080024f0       0xd0 Drivers\STM32L0xx_HAL_Driver\Src\stm32l0xx_hal_uart.o
                0x080024f0                UART_AdvFeatureConfig
 .text.UART_WaitOnFlagUntilTimeout
                0x080025c0       0x5c Drivers\STM32L0xx_HAL_Driver\Src\stm32l0xx_hal_uart.o
                0x080025c0                UART_WaitOnFlagUntilTimeout
 .text.HAL_UART_Transmit
                0x0800261c       0xd2 Drivers\STM32L0xx_HAL_Driver\Src\stm32l0xx_hal_uart.o
                0x0800261c                HAL_UART_Transmit
 *fill*         0x080026ee        0x2 
 .text.UART_CheckIdleState
                0x080026f0       0x60 Drivers\STM32L0xx_HAL_Driver\Src\stm32l0xx_hal_uart.o
                0x080026f0                UART_CheckIdleState
 .text.HAL_UART_Init
                0x08002750       0x64 Drivers\STM32L0xx_HAL_Driver\Src\stm32l0xx_hal_uart.o
                0x08002750                HAL_UART_Init
 .text.HAL_UARTEx_WakeupCallback
                0x080027b4        0x2 Drivers\STM32L0xx_HAL_Driver\Src\stm32l0xx_hal_uart_ex.o
                0x080027b4                HAL_UARTEx_WakeupCallback
 *fill*         0x080027b6        0x2 
 .text.GPS_INIT
                0x080027b8       0x40 Src\gps.o
                0x080027b8                GPS_INIT
 .text.parseData
                0x080027f8       0xf8 Src\gps.o
                0x080027f8                parseData
 .text.HR_APP_MODE
                0x080028f0       0x58 Src\hr.o
                0x080028f0                HR_APP_MODE
 .text.HR_MFIO_SET
                0x08002948       0x40 Src\hr.o
                0x08002948                HR_MFIO_SET
 .text.write_cmd
                0x08002988       0x7c Src\hr.o
                0x08002988                write_cmd
 .text.HR_INIT  0x08002a04       0xa0 Src\hr.o
                0x08002a04                HR_INIT
 .text.read_cmd
                0x08002aa4       0x70 Src\hr.o
                0x08002aa4                read_cmd
 .text.shut30101
                0x08002b14       0x54 Src\hr.o
                0x08002b14                shut30101
 .text.start30101
                0x08002b68       0x74 Src\hr.o
                0x08002b68                start30101
 .text.fill_buff
                0x08002bdc       0x54 Src\hr.o
                0x08002bdc                fill_buff
 .text.HR_READ  0x08002c30       0xfc Src\hr.o
                0x08002c30                HR_READ
 .text.writeReg
                0x08002d2c       0x70 Src\lora.o
                0x08002d2c                writeReg
 .text.readReg  0x08002d9c       0x74 Src\lora.o
                0x08002d9c                readReg
 .text.readFIFO
                0x08002e10       0x70 Src\lora.o
                0x08002e10                readFIFO
 .text.receiveData
                0x08002e80       0x58 Src\lora.o
                0x08002e80                receiveData
 .text.writeReg_Burst
                0x08002ed8       0x94 Src\lora.o
                0x08002ed8                writeReg_Burst
 .text.sendPacket
                0x08002f6c       0x98 Src\lora.o
                0x08002f6c                sendPacket
 .text.LORA_INIT
                0x08003004       0xcc Src\lora.o
                0x08003004                LORA_INIT
 .text.SystemClock_Config
                0x080030d0       0x7c Src\main.o
                0x080030d0                SystemClock_Config
 .text.startup.main
                0x0800314c      0x31c Src\main.o
                0x0800314c                main
 .text.HAL_UART_RxCpltCallback
                0x08003468       0x44 Src\main.o
                0x08003468                HAL_UART_RxCpltCallback
 .text.HAL_GPIO_EXTI_Callback
                0x080034ac       0x9c Src\main.o
                0x080034ac                HAL_GPIO_EXTI_Callback
 .text.Error_Handler
                0x08003548        0x2 Src\main.o
                0x08003548                Error_Handler
 *fill*         0x0800354a        0x2 
 .text.sendCMD  0x0800354c       0x44 Src\oled.o
                0x0800354c                sendCMD
 .text.sendDATA
                0x08003590       0x44 Src\oled.o
                0x08003590                sendDATA
 .text.turnOnScreen
                0x080035d4       0x64 Src\oled.o
                0x080035d4                turnOnScreen
 .text.clearScreen
                0x08003638       0x1c Src\oled.o
                0x08003638                clearScreen
 .text.sendString
                0x08003654       0xdc Src\oled.o
                0x08003654                sendString
 .text.setupScreen
                0x08003730       0xc0 Src\oled.o
                0x08003730                setupScreen
 .text.updateScreen
                0x080037f0       0xec Src\oled.o
                0x080037f0                updateScreen
 .text.user1Info
                0x080038dc       0xfc Src\oled.o
                0x080038dc                user1Info
 .text.HAL_MspInit
                0x080039d8       0x1c Src\stm32l0xx_hal_msp.o
                0x080039d8                HAL_MspInit
 .text.HAL_I2C_MspInit
                0x080039f4       0x60 Src\stm32l0xx_hal_msp.o
                0x080039f4                HAL_I2C_MspInit
 .text.HAL_SPI_MspInit
                0x08003a54       0x94 Src\stm32l0xx_hal_msp.o
                0x08003a54                HAL_SPI_MspInit
 .text.HAL_UART_MspInit
                0x08003ae8       0xa0 Src\stm32l0xx_hal_msp.o
                0x08003ae8                HAL_UART_MspInit
 .text.NMI_Handler
                0x08003b88        0x2 Src\stm32l0xx_it.o
                0x08003b88                NMI_Handler
 .text.HardFault_Handler
                0x08003b8a        0x2 Src\stm32l0xx_it.o
                0x08003b8a                HardFault_Handler
 .text.SVC_Handler
                0x08003b8c        0x2 Src\stm32l0xx_it.o
                0x08003b8c                SVC_Handler
 .text.PendSV_Handler
                0x08003b8e        0x2 Src\stm32l0xx_it.o
                0x08003b8e                PendSV_Handler
 .text.SysTick_Handler
                0x08003b90        0x8 Src\stm32l0xx_it.o
                0x08003b90                SysTick_Handler
 .text.EXTI0_1_IRQHandler
                0x08003b98       0x10 Src\stm32l0xx_it.o
                0x08003b98                EXTI0_1_IRQHandler
 .text.DMA1_Channel2_3_IRQHandler
                0x08003ba8       0x10 Src\stm32l0xx_it.o
                0x08003ba8                DMA1_Channel2_3_IRQHandler
 .text.USART1_IRQHandler
                0x08003bb8       0x10 Src\stm32l0xx_it.o
                0x08003bb8                USART1_IRQHandler
 .text.EXTI4_15_IRQHandler
                0x08003bc8        0xc Src\stm32l0xx_it.o
                0x08003bc8                EXTI4_15_IRQHandler
 .text.SystemInit
                0x08003bd4       0x5c Src\system_stm32l0xx.o
                0x08003bd4                SystemInit
 .text.Reset_Handler
                0x08003c30       0x50 startup\startup_stm32l053xx.o
                0x08003c30                Reset_Handler
 .text.Default_Handler
                0x08003c80        0x2 startup\startup_stm32l053xx.o
                0x08003c80                TSC_IRQHandler
                0x08003c80                ADC1_COMP_IRQHandler
                0x08003c80                PVD_IRQHandler
                0x08003c80                I2C1_IRQHandler
                0x08003c80                RCC_CRS_IRQHandler
                0x08003c80                SPI1_IRQHandler
                0x08003c80                TIM6_DAC_IRQHandler
                0x08003c80                EXTI2_3_IRQHandler
                0x08003c80                I2C2_IRQHandler
                0x08003c80                RTC_IRQHandler
                0x08003c80                LCD_IRQHandler
                0x08003c80                DMA1_Channel4_5_6_7_IRQHandler
                0x08003c80                DMA1_Channel1_IRQHandler
                0x08003c80                Default_Handler
                0x08003c80                TIM22_IRQHandler
                0x08003c80                USB_IRQHandler
                0x08003c80                SPI2_IRQHandler
                0x08003c80                TIM21_IRQHandler
                0x08003c80                WWDG_IRQHandler
                0x08003c80                TIM2_IRQHandler
                0x08003c80                USART2_IRQHandler
                0x08003c80                FLASH_IRQHandler
                0x08003c80                RNG_LPUART1_IRQHandler
                0x08003c80                LPTIM1_IRQHandler
 *fill*         0x08003c82        0x2 
 .text.__libc_init_array
                0x08003c84       0x48 c:/program files (x86)/atollic/truestudio for stm32 9.2.0/armtools/bin/../lib/gcc/arm-atollic-eabi/6.3.1/../../../../arm-atollic-eabi/lib/armv6-m\libc_nano.a(lib_a-init.o)
                0x08003c84                __libc_init_array
 .text.memcpy   0x08003ccc       0x12 c:/program files (x86)/atollic/truestudio for stm32 9.2.0/armtools/bin/../lib/gcc/arm-atollic-eabi/6.3.1/../../../../arm-atollic-eabi/lib/armv6-m\libc_nano.a(lib_a-memcpy-stub.o)
                0x08003ccc                memcpy
 .text.memset   0x08003cde       0x10 c:/program files (x86)/atollic/truestudio for stm32 9.2.0/armtools/bin/../lib/gcc/arm-atollic-eabi/6.3.1/../../../../arm-atollic-eabi/lib/armv6-m\libc_nano.a(lib_a-memset.o)
                0x08003cde                memset
 .text.strcat   0x08003cee       0x1a c:/program files (x86)/atollic/truestudio for stm32 9.2.0/armtools/bin/../lib/gcc/arm-atollic-eabi/6.3.1/../../../../arm-atollic-eabi/lib/armv6-m\libc_nano.a(lib_a-strcat.o)
                0x08003cee                strcat
 .text.strcpy   0x08003d08       0x10 c:/program files (x86)/atollic/truestudio for stm32 9.2.0/armtools/bin/../lib/gcc/arm-atollic-eabi/6.3.1/../../../../arm-atollic-eabi/lib/armv6-m\libc_nano.a(lib_a-strcpy.o)
                0x08003d08                strcpy
 *(.glue_7)
 .glue_7        0x08003d18        0x0 linker stubs
 *(.glue_7t)
 .glue_7t       0x08003d18        0x0 linker stubs
 *(.eh_frame)
 .eh_frame      0x08003d18        0x0 c:/program files (x86)/atollic/truestudio for stm32 9.2.0/armtools/bin/../lib/gcc/arm-atollic-eabi/6.3.1/armv6-m/crtbegin.o
 *(.init)
 .init          0x08003d18        0x4 c:/program files (x86)/atollic/truestudio for stm32 9.2.0/armtools/bin/../lib/gcc/arm-atollic-eabi/6.3.1/armv6-m/crti.o
                0x08003d18                _init
 .init          0x08003d1c        0x8 c:/program files (x86)/atollic/truestudio for stm32 9.2.0/armtools/bin/../lib/gcc/arm-atollic-eabi/6.3.1/armv6-m/crtn.o
 *(.fini)
 .fini          0x08003d24        0x4 c:/program files (x86)/atollic/truestudio for stm32 9.2.0/armtools/bin/../lib/gcc/arm-atollic-eabi/6.3.1/armv6-m/crti.o
                0x08003d24                _fini
 .fini          0x08003d28        0x8 c:/program files (x86)/atollic/truestudio for stm32 9.2.0/armtools/bin/../lib/gcc/arm-atollic-eabi/6.3.1/armv6-m/crtn.o
                0x08003d30                . = ALIGN (0x4)
                0x08003d30                _etext = .

.vfp11_veneer   0x08003d30        0x0
 .vfp11_veneer  0x08003d30        0x0 linker stubs

.v4_bx          0x08003d30        0x0
 .v4_bx         0x08003d30        0x0 linker stubs

.iplt           0x08003d30        0x0
 .iplt          0x08003d30        0x0 c:/program files (x86)/atollic/truestudio for stm32 9.2.0/armtools/bin/../lib/gcc/arm-atollic-eabi/6.3.1/armv6-m/crtbegin.o

.rodata         0x08003d30       0xc8
                0x08003d30                . = ALIGN (0x4)
 *(.rodata)
 .rodata        0x08003d30       0x29 Src\hr.o
 .rodata        0x08003d59       0x11 Src\oled.o
 *(.rodata*)
 .rodata.CSWTCH.55
                0x08003d6a        0x4 Drivers\STM32L0xx_HAL_Driver\Src\stm32l0xx_hal_uart.o
 .rodata.CSWTCH.56
                0x08003d6e        0xd Drivers\STM32L0xx_HAL_Driver\Src\stm32l0xx_hal_uart.o
 .rodata.parseData.str1.1
                0x08003d7b        0x9 Src\gps.o
 .rodata.setupScreen.str1.1
                0x08003d84       0x4c Src\oled.o
 .rodata.user1Info.str1.1
                0x08003dd0        0x4 Src\oled.o
 .rodata.AHBPrescTable
                0x08003dd4       0x10 Src\system_stm32l0xx.o
                0x08003dd4                AHBPrescTable
 .rodata.APBPrescTable
                0x08003de4        0x8 Src\system_stm32l0xx.o
                0x08003de4                APBPrescTable
 .rodata.PLLMulTable
                0x08003dec        0x9 Src\system_stm32l0xx.o
                0x08003dec                PLLMulTable
                0x08003df8                . = ALIGN (0x4)
 *fill*         0x08003df5        0x3 

.ARM.extab
 *(.ARM.extab* .gnu.linkonce.armextab.*)

.ARM            0x08003df8        0x8
                0x08003df8                __exidx_start = .
 *(.ARM.exidx*)
 .ARM.exidx     0x08003df8        0x8 c:/program files (x86)/atollic/truestudio for stm32 9.2.0/armtools/bin/../lib/gcc/arm-atollic-eabi/6.3.1/armv6-m\libgcc.a(_udivmoddi4.o)
                0x08003e00                __exidx_end = .

.rel.dyn        0x08003e00        0x0
 .rel.iplt      0x08003e00        0x0 c:/program files (x86)/atollic/truestudio for stm32 9.2.0/armtools/bin/../lib/gcc/arm-atollic-eabi/6.3.1/armv6-m/crtbegin.o

.preinit_array  0x08003e00        0x0
                0x08003e00                PROVIDE (__preinit_array_start, .)
 *(.preinit_array*)
                0x08003e00                PROVIDE (__preinit_array_end, .)

.init_array     0x08003e00        0x4
                0x08003e00                PROVIDE (__init_array_start, .)
 *(SORT(.init_array.*))
 *(.init_array*)
 .init_array    0x08003e00        0x4 c:/program files (x86)/atollic/truestudio for stm32 9.2.0/armtools/bin/../lib/gcc/arm-atollic-eabi/6.3.1/armv6-m/crtbegin.o
                0x08003e04                PROVIDE (__init_array_end, .)

.fini_array     0x08003e04        0x4
                [!provide]                PROVIDE (__fini_array_start, .)
 *(SORT(.fini_array.*))
 *(.fini_array*)
 .fini_array    0x08003e04        0x4 c:/program files (x86)/atollic/truestudio for stm32 9.2.0/armtools/bin/../lib/gcc/arm-atollic-eabi/6.3.1/armv6-m/crtbegin.o
                [!provide]                PROVIDE (__fini_array_end, .)
                0x08003e08                _sidata = LOADADDR (.data)

.data           0x20000000      0x55c load address 0x08003e08
                0x20000000                . = ALIGN (0x4)
                0x20000000                _sdata = .
 *(.data)
 *(.data*)
 .data.GPS_01HZ
                0x20000000       0x14 Src\gps.o
                0x20000000                GPS_01HZ
 .data.GPS_BAUDRATE
                0x20000014       0x13 Src\gps.o
                0x20000014                GPS_BAUDRATE
 .data.GPS_GGA  0x20000027       0x34 Src\gps.o
                0x20000027                GPS_GGA
 .data.MAX_BUFF
                0x2000005b        0x1 Src\hr.o
                0x2000005b                MAX_BUFF
 .data.num_samp
                0x2000005c        0x1 Src\hr.o
                0x2000005c                num_samp
 *fill*         0x2000005d        0x1 
 .data.readAddr
                0x2000005e        0x2 Src\hr.o
                0x2000005e                readAddr
 .data.writeAddr
                0x20000060        0x2 Src\hr.o
                0x20000060                writeAddr
 .data.headerFrom
                0x20000062        0x1 Src\lora.o
                0x20000062                headerFrom
 .data.headerTo
                0x20000063        0x1 Src\lora.o
                0x20000063                headerTo
 .data.contrastHigh
                0x20000064        0x2 Src\main.o
                0x20000064                contrastHigh
 .data.contrastLow
                0x20000066        0x2 Src\main.o
                0x20000066                contrastLow
 .data.MARSBMP  0x20000068      0x400 Src\oled.o
                0x20000068                MARSBMP
 .data.fonts    0x20000468       0xee Src\oled.o
                0x20000468                fonts
 *fill*         0x20000556        0x2 
 .data.SystemCoreClock
                0x20000558        0x4 Src\system_stm32l0xx.o
                0x20000558                SystemCoreClock
                0x2000055c                . = ALIGN (0x4)
                0x2000055c                _edata = .

.igot.plt       0x2000055c        0x0 load address 0x08004364
 .igot.plt      0x2000055c        0x0 c:/program files (x86)/atollic/truestudio for stm32 9.2.0/armtools/bin/../lib/gcc/arm-atollic-eabi/6.3.1/armv6-m/crtbegin.o
                0x2000055c                . = ALIGN (0x4)

.bss            0x2000055c      0x344 load address 0x08004364
                0x2000055c                _sbss = .
                0x2000055c                __bss_start__ = _sbss
 *(.bss)
 .bss           0x2000055c       0x1c c:/program files (x86)/atollic/truestudio for stm32 9.2.0/armtools/bin/../lib/gcc/arm-atollic-eabi/6.3.1/armv6-m/crtbegin.o
 *(.bss*)
 .bss.sampleCnt
                0x20000578        0x1 Src\hr.o
                0x20000578                sampleCnt
 .bss.headerFlags
                0x20000579        0x1 Src\lora.o
                0x20000579                headerFlags
 .bss.headerID  0x2000057a        0x1 Src\lora.o
                0x2000057a                headerID
 .bss.DIM_FLAG  0x2000057b        0x1 Src\main.o
                0x2000057b                DIM_FLAG
 .bss.GPS_FLAG  0x2000057c        0x1 Src\main.o
                0x2000057c                GPS_FLAG
 .bss.HR_FLAG   0x2000057d        0x1 Src\main.o
                0x2000057d                HR_FLAG
 .bss.HR_conf   0x2000057e        0x1 Src\main.o
                0x2000057e                HR_conf
 .bss.LORA_FLAG
                0x2000057f        0x1 Src\main.o
                0x2000057f                LORA_FLAG
 .bss.SPO2      0x20000580        0x2 Src\main.o
                0x20000580                SPO2
 .bss.alg_state
                0x20000582        0x1 Src\main.o
                0x20000582                alg_state
 .bss.data      0x20000583       0x46 Src\main.o
                0x20000583                data
 *fill*         0x200005c9        0x1 
 .bss.heartrate
                0x200005ca        0x2 Src\main.o
                0x200005ca                heartrate
 .bss.isDim     0x200005cc        0x1 Src\main.o
                0x200005cc                isDim
 .bss.tempdata  0x200005cd       0x46 Src\main.o
                0x200005cd                tempdata
 .bss.isSelfSetup
                0x20000613        0x1 Src\oled.o
                0x20000613                isSelfSetup
 .bss.space     0x20000614        0x1 Src\oled.o
                0x20000614                space
 *(COMMON)
 *fill*         0x20000615        0x3 
 COMMON         0x20000618        0x4 Drivers\STM32L0xx_HAL_Driver\Src\stm32l0xx_hal.o
                0x20000618                uwTick
 COMMON         0x2000061c       0x50 Src\lora.o
                0x2000061c                receive
 COMMON         0x2000066c      0x234 Src\main.o
                0x2000066c                hspi2
                0x200006c4                HR_Valid
                0x200006c8                hi2c1
                0x20000714                hdma_usart1_rx
                0x2000075c                huart1
                0x200007dc                GGA_MESSAGE
                0x2000080e                sendMeasurements
                0x20000829                longitude
                0x20000834                fix
                0x20000836                latitude
                0x20000840                hspi1
                0x20000898                SPO2_Valid
                0x2000089c                longDir
                0x2000089e                latDir
                0x200008a0                . = ALIGN (0x4)
                0x200008a0                _ebss = .
                0x200008a0                __bss_end__ = _ebss

._user_heap_stack
                0x200008a0      0x600 load address 0x08004364
                0x200008a0                . = ALIGN (0x4)
                0x200008a0                PROVIDE (end, .)
                [!provide]                PROVIDE (_end, .)
                0x20000aa0                . = (. + _Min_Heap_Size)
 *fill*         0x200008a0      0x200 
                0x20000ea0                . = (. + _Min_Stack_Size)
 *fill*         0x20000aa0      0x400 
                0x20000ea0                . = ALIGN (0x4)

/DISCARD/
 libc.a(*)
 libm.a(*)
 libgcc.a(*)

.ARM.attributes
                0x00000000       0x28
 *(.ARM.attributes)
 .ARM.attributes
                0x00000000       0x1e c:/program files (x86)/atollic/truestudio for stm32 9.2.0/armtools/bin/../lib/gcc/arm-atollic-eabi/6.3.1/armv6-m/crti.o
 .ARM.attributes
                0x0000001e       0x2c c:/program files (x86)/atollic/truestudio for stm32 9.2.0/armtools/bin/../lib/gcc/arm-atollic-eabi/6.3.1/armv6-m/crtbegin.o
 .ARM.attributes
                0x0000004a       0x32 Drivers\STM32L0xx_HAL_Driver\Src\stm32l0xx_hal.o
 .ARM.attributes
                0x0000007c       0x32 Drivers\STM32L0xx_HAL_Driver\Src\stm32l0xx_hal_cortex.o
 .ARM.attributes
                0x000000ae       0x32 Drivers\STM32L0xx_HAL_Driver\Src\stm32l0xx_hal_dma.o
 .ARM.attributes
                0x000000e0       0x32 Drivers\STM32L0xx_HAL_Driver\Src\stm32l0xx_hal_gpio.o
 .ARM.attributes
                0x00000112       0x32 Drivers\STM32L0xx_HAL_Driver\Src\stm32l0xx_hal_i2c.o
 .ARM.attributes
                0x00000144       0x32 Drivers\STM32L0xx_HAL_Driver\Src\stm32l0xx_hal_i2c_ex.o
 .ARM.attributes
                0x00000176       0x32 Drivers\STM32L0xx_HAL_Driver\Src\stm32l0xx_hal_rcc.o
 .ARM.attributes
                0x000001a8       0x32 Drivers\STM32L0xx_HAL_Driver\Src\stm32l0xx_hal_rcc_ex.o
 .ARM.attributes
                0x000001da       0x32 Drivers\STM32L0xx_HAL_Driver\Src\stm32l0xx_hal_spi.o
 .ARM.attributes
                0x0000020c       0x32 Drivers\STM32L0xx_HAL_Driver\Src\stm32l0xx_hal_uart.o
 .ARM.attributes
                0x0000023e       0x32 Drivers\STM32L0xx_HAL_Driver\Src\stm32l0xx_hal_uart_ex.o
 .ARM.attributes
                0x00000270       0x32 Src\gps.o
 .ARM.attributes
                0x000002a2       0x32 Src\hr.o
 .ARM.attributes
                0x000002d4       0x32 Src\lora.o
 .ARM.attributes
                0x00000306       0x32 Src\main.o
 .ARM.attributes
                0x00000338       0x32 Src\oled.o
 .ARM.attributes
                0x0000036a       0x32 Src\stm32l0xx_hal_msp.o
 .ARM.attributes
                0x0000039c       0x32 Src\stm32l0xx_it.o
 .ARM.attributes
                0x000003ce       0x32 Src\system_stm32l0xx.o
 .ARM.attributes
                0x00000400       0x22 startup\startup_stm32l053xx.o
 .ARM.attributes
                0x00000422       0x2c c:/program files (x86)/atollic/truestudio for stm32 9.2.0/armtools/bin/../lib/gcc/arm-atollic-eabi/6.3.1/../../../../arm-atollic-eabi/lib/armv6-m\libc_nano.a(lib_a-init.o)
 .ARM.attributes
                0x0000044e       0x2c c:/program files (x86)/atollic/truestudio for stm32 9.2.0/armtools/bin/../lib/gcc/arm-atollic-eabi/6.3.1/../../../../arm-atollic-eabi/lib/armv6-m\libc_nano.a(lib_a-memcpy-stub.o)
 .ARM.attributes
                0x0000047a       0x2c c:/program files (x86)/atollic/truestudio for stm32 9.2.0/armtools/bin/../lib/gcc/arm-atollic-eabi/6.3.1/../../../../arm-atollic-eabi/lib/armv6-m\libc_nano.a(lib_a-memset.o)
 .ARM.attributes
                0x000004a6       0x2c c:/program files (x86)/atollic/truestudio for stm32 9.2.0/armtools/bin/../lib/gcc/arm-atollic-eabi/6.3.1/../../../../arm-atollic-eabi/lib/armv6-m\libc_nano.a(lib_a-strcat.o)
 .ARM.attributes
                0x000004d2       0x1c c:/program files (x86)/atollic/truestudio for stm32 9.2.0/armtools/bin/../lib/gcc/arm-atollic-eabi/6.3.1/../../../../arm-atollic-eabi/lib/armv6-m\libc_nano.a(lib_a-strcmp.o)
 .ARM.attributes
                0x000004ee       0x2c c:/program files (x86)/atollic/truestudio for stm32 9.2.0/armtools/bin/../lib/gcc/arm-atollic-eabi/6.3.1/../../../../arm-atollic-eabi/lib/armv6-m\libc_nano.a(lib_a-strcpy.o)
 .ARM.attributes
                0x0000051a       0x1e c:/program files (x86)/atollic/truestudio for stm32 9.2.0/armtools/bin/../lib/gcc/arm-atollic-eabi/6.3.1/armv6-m\libgcc.a(_thumb1_case_uqi.o)
 .ARM.attributes
                0x00000538       0x1e c:/program files (x86)/atollic/truestudio for stm32 9.2.0/armtools/bin/../lib/gcc/arm-atollic-eabi/6.3.1/armv6-m\libgcc.a(_udivsi3.o)
 .ARM.attributes
                0x00000556       0x1e c:/program files (x86)/atollic/truestudio for stm32 9.2.0/armtools/bin/../lib/gcc/arm-atollic-eabi/6.3.1/armv6-m\libgcc.a(_divsi3.o)
 .ARM.attributes
                0x00000574       0x1e c:/program files (x86)/atollic/truestudio for stm32 9.2.0/armtools/bin/../lib/gcc/arm-atollic-eabi/6.3.1/armv6-m\libgcc.a(_dvmd_tls.o)
 .ARM.attributes
                0x00000592       0x1e c:/program files (x86)/atollic/truestudio for stm32 9.2.0/armtools/bin/../lib/gcc/arm-atollic-eabi/6.3.1/armv6-m\libgcc.a(_aeabi_uldivmod.o)
 .ARM.attributes
                0x000005b0       0x2c c:/program files (x86)/atollic/truestudio for stm32 9.2.0/armtools/bin/../lib/gcc/arm-atollic-eabi/6.3.1/armv6-m\libgcc.a(_udivmoddi4.o)
 .ARM.attributes
                0x000005dc       0x1e c:/program files (x86)/atollic/truestudio for stm32 9.2.0/armtools/bin/../lib/gcc/arm-atollic-eabi/6.3.1/armv6-m\libgcc.a(_clzdi2.o)
 .ARM.attributes
                0x000005fa       0x1e c:/program files (x86)/atollic/truestudio for stm32 9.2.0/armtools/bin/../lib/gcc/arm-atollic-eabi/6.3.1/armv6-m\libgcc.a(_clzsi2.o)
 .ARM.attributes
                0x00000618       0x1e c:/program files (x86)/atollic/truestudio for stm32 9.2.0/armtools/bin/../lib/gcc/arm-atollic-eabi/6.3.1/armv6-m/crtn.o
OUTPUT(Final_Integration.elf elf32-littlearm)

.debug_info     0x00000000    0x14415
 .debug_info    0x00000000      0x865 Drivers\STM32L0xx_HAL_Driver\Src\stm32l0xx_hal.o
 .debug_info    0x00000865      0x9b5 Drivers\STM32L0xx_HAL_Driver\Src\stm32l0xx_hal_cortex.o
 .debug_info    0x0000121a      0x813 Drivers\STM32L0xx_HAL_Driver\Src\stm32l0xx_hal_dma.o
 .debug_info    0x00001a2d      0x6d2 Drivers\STM32L0xx_HAL_Driver\Src\stm32l0xx_hal_gpio.o
 .debug_info    0x000020ff     0x381b Drivers\STM32L0xx_HAL_Driver\Src\stm32l0xx_hal_i2c.o
 .debug_info    0x0000591a      0x8ed Drivers\STM32L0xx_HAL_Driver\Src\stm32l0xx_hal_i2c_ex.o
 .debug_info    0x00006207      0xbfe Drivers\STM32L0xx_HAL_Driver\Src\stm32l0xx_hal_rcc.o
 .debug_info    0x00006e05      0x8c0 Drivers\STM32L0xx_HAL_Driver\Src\stm32l0xx_hal_rcc_ex.o
 .debug_info    0x000076c5     0x1cd3 Drivers\STM32L0xx_HAL_Driver\Src\stm32l0xx_hal_spi.o
 .debug_info    0x00009398     0x1b5a Drivers\STM32L0xx_HAL_Driver\Src\stm32l0xx_hal_uart.o
 .debug_info    0x0000aef2      0x983 Drivers\STM32L0xx_HAL_Driver\Src\stm32l0xx_hal_uart_ex.o
 .debug_info    0x0000b875     0x11e6 Src\gps.o
 .debug_info    0x0000ca5b     0x159a Src\hr.o
 .debug_info    0x0000dff5     0x10cb Src\lora.o
 .debug_info    0x0000f0c0     0x265c Src\main.o
 .debug_info    0x0001171c     0x1006 Src\oled.o
 .debug_info    0x00012722     0x116c Src\stm32l0xx_hal_msp.o
 .debug_info    0x0001388e      0x768 Src\stm32l0xx_it.o
 .debug_info    0x00013ff6      0x398 Src\system_stm32l0xx.o
 .debug_info    0x0001438e       0x87 startup\startup_stm32l053xx.o

.debug_abbrev   0x00000000     0x2d4d
 .debug_abbrev  0x00000000      0x28c Drivers\STM32L0xx_HAL_Driver\Src\stm32l0xx_hal.o
 .debug_abbrev  0x0000028c      0x266 Drivers\STM32L0xx_HAL_Driver\Src\stm32l0xx_hal_cortex.o
 .debug_abbrev  0x000004f2      0x1fe Drivers\STM32L0xx_HAL_Driver\Src\stm32l0xx_hal_dma.o
 .debug_abbrev  0x000006f0      0x1ca Drivers\STM32L0xx_HAL_Driver\Src\stm32l0xx_hal_gpio.o
 .debug_abbrev  0x000008ba      0x334 Drivers\STM32L0xx_HAL_Driver\Src\stm32l0xx_hal_i2c.o
 .debug_abbrev  0x00000bee      0x1ba Drivers\STM32L0xx_HAL_Driver\Src\stm32l0xx_hal_i2c_ex.o
 .debug_abbrev  0x00000da8      0x2be Drivers\STM32L0xx_HAL_Driver\Src\stm32l0xx_hal_rcc.o
 .debug_abbrev  0x00001066      0x22a Drivers\STM32L0xx_HAL_Driver\Src\stm32l0xx_hal_rcc_ex.o
 .debug_abbrev  0x00001290      0x336 Drivers\STM32L0xx_HAL_Driver\Src\stm32l0xx_hal_spi.o
 .debug_abbrev  0x000015c6      0x321 Drivers\STM32L0xx_HAL_Driver\Src\stm32l0xx_hal_uart.o
 .debug_abbrev  0x000018e7      0x241 Drivers\STM32L0xx_HAL_Driver\Src\stm32l0xx_hal_uart_ex.o
 .debug_abbrev  0x00001b28      0x25d Src\gps.o
 .debug_abbrev  0x00001d85      0x282 Src\hr.o
 .debug_abbrev  0x00002007      0x1fe Src\lora.o
 .debug_abbrev  0x00002205      0x3e3 Src\main.o
 .debug_abbrev  0x000025e8      0x249 Src\oled.o
 .debug_abbrev  0x00002831      0x226 Src\stm32l0xx_hal_msp.o
 .debug_abbrev  0x00002a57      0x1d6 Src\stm32l0xx_it.o
 .debug_abbrev  0x00002c2d      0x10e Src\system_stm32l0xx.o
 .debug_abbrev  0x00002d3b       0x12 startup\startup_stm32l053xx.o

.debug_loc      0x00000000     0x928e
 .debug_loc     0x00000000      0x13d Drivers\STM32L0xx_HAL_Driver\Src\stm32l0xx_hal.o
 .debug_loc     0x0000013d      0x3ed Drivers\STM32L0xx_HAL_Driver\Src\stm32l0xx_hal_cortex.o
 .debug_loc     0x0000052a      0x79c Drivers\STM32L0xx_HAL_Driver\Src\stm32l0xx_hal_dma.o
 .debug_loc     0x00000cc6      0x2ea Drivers\STM32L0xx_HAL_Driver\Src\stm32l0xx_hal_gpio.o
 .debug_loc     0x00000fb0     0x3a2d Drivers\STM32L0xx_HAL_Driver\Src\stm32l0xx_hal_i2c.o
 .debug_loc     0x000049dd      0x1bc Drivers\STM32L0xx_HAL_Driver\Src\stm32l0xx_hal_i2c_ex.o
 .debug_loc     0x00004b99      0x561 Drivers\STM32L0xx_HAL_Driver\Src\stm32l0xx_hal_rcc.o
 .debug_loc     0x000050fa      0x5da Drivers\STM32L0xx_HAL_Driver\Src\stm32l0xx_hal_rcc_ex.o
 .debug_loc     0x000056d4     0x17ed Drivers\STM32L0xx_HAL_Driver\Src\stm32l0xx_hal_spi.o
 .debug_loc     0x00006ec1     0x14f4 Drivers\STM32L0xx_HAL_Driver\Src\stm32l0xx_hal_uart.o
 .debug_loc     0x000083b5      0x320 Drivers\STM32L0xx_HAL_Driver\Src\stm32l0xx_hal_uart_ex.o
 .debug_loc     0x000086d5       0x81 Src\gps.o
 .debug_loc     0x00008756      0x181 Src\hr.o
 .debug_loc     0x000088d7      0x1eb Src\lora.o
 .debug_loc     0x00008ac2      0x25f Src\main.o
 .debug_loc     0x00008d21      0x2fc Src\oled.o
 .debug_loc     0x0000901d      0x116 Src\stm32l0xx_hal_msp.o
 .debug_loc     0x00009133      0x15b Src\system_stm32l0xx.o

.debug_aranges  0x00000000      0xc00
 .debug_aranges
                0x00000000       0xf0 Drivers\STM32L0xx_HAL_Driver\Src\stm32l0xx_hal.o
 .debug_aranges
                0x000000f0       0x90 Drivers\STM32L0xx_HAL_Driver\Src\stm32l0xx_hal_cortex.o
 .debug_aranges
                0x00000180       0x78 Drivers\STM32L0xx_HAL_Driver\Src\stm32l0xx_hal_dma.o
 .debug_aranges
                0x000001f8       0x58 Drivers\STM32L0xx_HAL_Driver\Src\stm32l0xx_hal_gpio.o
 .debug_aranges
                0x00000250      0x238 Drivers\STM32L0xx_HAL_Driver\Src\stm32l0xx_hal_i2c.o
 .debug_aranges
                0x00000488       0x48 Drivers\STM32L0xx_HAL_Driver\Src\stm32l0xx_hal_i2c_ex.o
 .debug_aranges
                0x000004d0       0x80 Drivers\STM32L0xx_HAL_Driver\Src\stm32l0xx_hal_rcc.o
 .debug_aranges
                0x00000550       0x98 Drivers\STM32L0xx_HAL_Driver\Src\stm32l0xx_hal_rcc_ex.o
 .debug_aranges
                0x000005e8      0x188 Drivers\STM32L0xx_HAL_Driver\Src\stm32l0xx_hal_spi.o
 .debug_aranges
                0x00000770      0x1a0 Drivers\STM32L0xx_HAL_Driver\Src\stm32l0xx_hal_uart.o
 .debug_aranges
                0x00000910       0x58 Drivers\STM32L0xx_HAL_Driver\Src\stm32l0xx_hal_uart_ex.o
 .debug_aranges
                0x00000968       0x28 Src\gps.o
 .debug_aranges
                0x00000990       0x88 Src\hr.o
 .debug_aranges
                0x00000a18       0x58 Src\lora.o
 .debug_aranges
                0x00000a70       0x40 Src\main.o
 .debug_aranges
                0x00000ab0       0x60 Src\oled.o
 .debug_aranges
                0x00000b10       0x50 Src\stm32l0xx_hal_msp.o
 .debug_aranges
                0x00000b60       0x50 Src\stm32l0xx_it.o
 .debug_aranges
                0x00000bb0       0x28 Src\system_stm32l0xx.o
 .debug_aranges
                0x00000bd8       0x28 startup\startup_stm32l053xx.o

.debug_ranges   0x00000000      0xfe0
 .debug_ranges  0x00000000       0xe0 Drivers\STM32L0xx_HAL_Driver\Src\stm32l0xx_hal.o
 .debug_ranges  0x000000e0      0x138 Drivers\STM32L0xx_HAL_Driver\Src\stm32l0xx_hal_cortex.o
 .debug_ranges  0x00000218       0xa8 Drivers\STM32L0xx_HAL_Driver\Src\stm32l0xx_hal_dma.o
 .debug_ranges  0x000002c0       0x48 Drivers\STM32L0xx_HAL_Driver\Src\stm32l0xx_hal_gpio.o
 .debug_ranges  0x00000308      0x288 Drivers\STM32L0xx_HAL_Driver\Src\stm32l0xx_hal_i2c.o
 .debug_ranges  0x00000590       0x38 Drivers\STM32L0xx_HAL_Driver\Src\stm32l0xx_hal_i2c_ex.o
 .debug_ranges  0x000005c8       0xb8 Drivers\STM32L0xx_HAL_Driver\Src\stm32l0xx_hal_rcc.o
 .debug_ranges  0x00000680       0xa8 Drivers\STM32L0xx_HAL_Driver\Src\stm32l0xx_hal_rcc_ex.o
 .debug_ranges  0x00000728      0x250 Drivers\STM32L0xx_HAL_Driver\Src\stm32l0xx_hal_spi.o
 .debug_ranges  0x00000978      0x190 Drivers\STM32L0xx_HAL_Driver\Src\stm32l0xx_hal_uart.o
 .debug_ranges  0x00000b08       0x48 Drivers\STM32L0xx_HAL_Driver\Src\stm32l0xx_hal_uart_ex.o
 .debug_ranges  0x00000b50       0x18 Src\gps.o
 .debug_ranges  0x00000b68       0x90 Src\hr.o
 .debug_ranges  0x00000bf8       0x68 Src\lora.o
 .debug_ranges  0x00000c60      0x1a8 Src\main.o
 .debug_ranges  0x00000e08       0xa0 Src\oled.o
 .debug_ranges  0x00000ea8       0xc0 Src\stm32l0xx_hal_msp.o
 .debug_ranges  0x00000f68       0x40 Src\stm32l0xx_it.o
 .debug_ranges  0x00000fa8       0x18 Src\system_stm32l0xx.o
 .debug_ranges  0x00000fc0       0x20 startup\startup_stm32l053xx.o

.debug_line     0x00000000     0x746b
 .debug_line    0x00000000      0x45d Drivers\STM32L0xx_HAL_Driver\Src\stm32l0xx_hal.o
 .debug_line    0x0000045d      0x43a Drivers\STM32L0xx_HAL_Driver\Src\stm32l0xx_hal_cortex.o
 .debug_line    0x00000897      0x4a0 Drivers\STM32L0xx_HAL_Driver\Src\stm32l0xx_hal_dma.o
 .debug_line    0x00000d37      0x3b8 Drivers\STM32L0xx_HAL_Driver\Src\stm32l0xx_hal_gpio.o
 .debug_line    0x000010ef     0x19f6 Drivers\STM32L0xx_HAL_Driver\Src\stm32l0xx_hal_i2c.o
 .debug_line    0x00002ae5      0x37a Drivers\STM32L0xx_HAL_Driver\Src\stm32l0xx_hal_i2c_ex.o
 .debug_line    0x00002e5f      0x595 Drivers\STM32L0xx_HAL_Driver\Src\stm32l0xx_hal_rcc.o
 .debug_line    0x000033f4      0x55a Drivers\STM32L0xx_HAL_Driver\Src\stm32l0xx_hal_rcc_ex.o
 .debug_line    0x0000394e      0xc61 Drivers\STM32L0xx_HAL_Driver\Src\stm32l0xx_hal_spi.o
 .debug_line    0x000045af      0xe48 Drivers\STM32L0xx_HAL_Driver\Src\stm32l0xx_hal_uart.o
 .debug_line    0x000053f7      0x38b Drivers\STM32L0xx_HAL_Driver\Src\stm32l0xx_hal_uart_ex.o
 .debug_line    0x00005782      0x342 Src\gps.o
 .debug_line    0x00005ac4      0x48c Src\hr.o
 .debug_line    0x00005f50      0x325 Src\lora.o
 .debug_line    0x00006275      0x57a Src\main.o
 .debug_line    0x000067ef      0x3bc Src\oled.o
 .debug_line    0x00006bab      0x38c Src\stm32l0xx_hal_msp.o
 .debug_line    0x00006f37      0x282 Src\stm32l0xx_it.o
 .debug_line    0x000071b9      0x22f Src\system_stm32l0xx.o
 .debug_line    0x000073e8       0x83 startup\startup_stm32l053xx.o

.debug_str      0x00000000     0x3e7d
 .debug_str     0x00000000      0x78e Drivers\STM32L0xx_HAL_Driver\Src\stm32l0xx_hal.o
                                0x7e5 (size before relaxing)
 .debug_str     0x0000078e      0x2e8 Drivers\STM32L0xx_HAL_Driver\Src\stm32l0xx_hal_cortex.o
                                0x768 (size before relaxing)
 .debug_str     0x00000a76      0x40e Drivers\STM32L0xx_HAL_Driver\Src\stm32l0xx_hal_dma.o
                                0x69f (size before relaxing)
 .debug_str     0x00000e84      0x1a4 Drivers\STM32L0xx_HAL_Driver\Src\stm32l0xx_hal_gpio.o
                                0x4b9 (size before relaxing)
 .debug_str     0x00001028      0xadb Drivers\STM32L0xx_HAL_Driver\Src\stm32l0xx_hal_i2c.o
                                0xf87 (size before relaxing)
 .debug_str     0x00001b03       0xfa Drivers\STM32L0xx_HAL_Driver\Src\stm32l0xx_hal_i2c_ex.o
                                0x891 (size before relaxing)
 .debug_str     0x00001bfd      0x323 Drivers\STM32L0xx_HAL_Driver\Src\stm32l0xx_hal_rcc.o
                                0x711 (size before relaxing)
 .debug_str     0x00001f20      0x427 Drivers\STM32L0xx_HAL_Driver\Src\stm32l0xx_hal_rcc_ex.o
                                0x7fd (size before relaxing)
 .debug_str     0x00002347      0x6dd Drivers\STM32L0xx_HAL_Driver\Src\stm32l0xx_hal_spi.o
                                0xba6 (size before relaxing)
 .debug_str     0x00002a24      0x840 Drivers\STM32L0xx_HAL_Driver\Src\stm32l0xx_hal_uart.o
                                0xe65 (size before relaxing)
 .debug_str     0x00003264      0x185 Drivers\STM32L0xx_HAL_Driver\Src\stm32l0xx_hal_uart_ex.o
                                0x833 (size before relaxing)
 .debug_str     0x000033e9      0x4b3 Src\gps.o
                                0xac4 (size before relaxing)
 .debug_str     0x0000389c      0x1ce Src\hr.o
                                0xb33 (size before relaxing)
 .debug_str     0x00003a6a       0xce Src\lora.o
                                0x736 (size before relaxing)
 .debug_str     0x00003b38      0x164 Src\main.o
                               0x1744 (size before relaxing)
 .debug_str     0x00003c9c       0xc5 Src\oled.o
                                0x740 (size before relaxing)
 .debug_str     0x00003d61       0x1b Src\stm32l0xx_hal_msp.o
                                0xdd1 (size before relaxing)
 .debug_str     0x00003d7c       0xb3 Src\stm32l0xx_it.o
                                0x6d5 (size before relaxing)
 .debug_str     0x00003e2f       0x4e Src\system_stm32l0xx.o
                                0x30b (size before relaxing)

.comment        0x00000000       0x7c
 .comment       0x00000000       0x7c Drivers\STM32L0xx_HAL_Driver\Src\stm32l0xx_hal.o
                                 0x7d (size before relaxing)
 .comment       0x0000007c       0x7d Drivers\STM32L0xx_HAL_Driver\Src\stm32l0xx_hal_cortex.o
 .comment       0x0000007c       0x7d Drivers\STM32L0xx_HAL_Driver\Src\stm32l0xx_hal_dma.o
 .comment       0x0000007c       0x7d Drivers\STM32L0xx_HAL_Driver\Src\stm32l0xx_hal_gpio.o
 .comment       0x0000007c       0x7d Drivers\STM32L0xx_HAL_Driver\Src\stm32l0xx_hal_i2c.o
 .comment       0x0000007c       0x7d Drivers\STM32L0xx_HAL_Driver\Src\stm32l0xx_hal_i2c_ex.o
 .comment       0x0000007c       0x7d Drivers\STM32L0xx_HAL_Driver\Src\stm32l0xx_hal_rcc.o
 .comment       0x0000007c       0x7d Drivers\STM32L0xx_HAL_Driver\Src\stm32l0xx_hal_rcc_ex.o
 .comment       0x0000007c       0x7d Drivers\STM32L0xx_HAL_Driver\Src\stm32l0xx_hal_spi.o
 .comment       0x0000007c       0x7d Drivers\STM32L0xx_HAL_Driver\Src\stm32l0xx_hal_uart.o
 .comment       0x0000007c       0x7d Drivers\STM32L0xx_HAL_Driver\Src\stm32l0xx_hal_uart_ex.o
 .comment       0x0000007c       0x7d Src\gps.o
 .comment       0x0000007c       0x7d Src\hr.o
 .comment       0x0000007c       0x7d Src\lora.o
 .comment       0x0000007c       0x7d Src\main.o
 .comment       0x0000007c       0x7d Src\oled.o
 .comment       0x0000007c       0x7d Src\stm32l0xx_hal_msp.o
 .comment       0x0000007c       0x7d Src\stm32l0xx_it.o
 .comment       0x0000007c       0x7d Src\system_stm32l0xx.o

.debug_frame    0x00000000     0x2498
 .debug_frame   0x00000000      0x1f8 Drivers\STM32L0xx_HAL_Driver\Src\stm32l0xx_hal.o
 .debug_frame   0x000001f8      0x11c Drivers\STM32L0xx_HAL_Driver\Src\stm32l0xx_hal_cortex.o
 .debug_frame   0x00000314      0x164 Drivers\STM32L0xx_HAL_Driver\Src\stm32l0xx_hal_dma.o
 .debug_frame   0x00000478       0xbc Drivers\STM32L0xx_HAL_Driver\Src\stm32l0xx_hal_gpio.o
 .debug_frame   0x00000534      0x85c Drivers\STM32L0xx_HAL_Driver\Src\stm32l0xx_hal_i2c.o
 .debug_frame   0x00000d90       0xa8 Drivers\STM32L0xx_HAL_Driver\Src\stm32l0xx_hal_i2c_ex.o
 .debug_frame   0x00000e38      0x148 Drivers\STM32L0xx_HAL_Driver\Src\stm32l0xx_hal_rcc.o
 .debug_frame   0x00000f80      0x18c Drivers\STM32L0xx_HAL_Driver\Src\stm32l0xx_hal_rcc_ex.o
 .debug_frame   0x0000110c      0x568 Drivers\STM32L0xx_HAL_Driver\Src\stm32l0xx_hal_spi.o
 .debug_frame   0x00001674      0x574 Drivers\STM32L0xx_HAL_Driver\Src\stm32l0xx_hal_uart.o
 .debug_frame   0x00001be8       0xc0 Drivers\STM32L0xx_HAL_Driver\Src\stm32l0xx_hal_uart_ex.o
 .debug_frame   0x00001ca8       0x50 Src\gps.o
 .debug_frame   0x00001cf8      0x1d0 Src\hr.o
 .debug_frame   0x00001ec8       0xf4 Src\lora.o
 .debug_frame   0x00001fbc       0x98 Src\main.o
 .debug_frame   0x00002054      0x128 Src\oled.o
 .debug_frame   0x0000217c       0xc0 Src\stm32l0xx_hal_msp.o
 .debug_frame   0x0000223c       0xc8 Src\stm32l0xx_it.o
 .debug_frame   0x00002304       0x3c Src\system_stm32l0xx.o
 .debug_frame   0x00002340       0x2c c:/program files (x86)/atollic/truestudio for stm32 9.2.0/armtools/bin/../lib/gcc/arm-atollic-eabi/6.3.1/../../../../arm-atollic-eabi/lib/armv6-m\libc_nano.a(lib_a-init.o)
 .debug_frame   0x0000236c       0x28 c:/program files (x86)/atollic/truestudio for stm32 9.2.0/armtools/bin/../lib/gcc/arm-atollic-eabi/6.3.1/../../../../arm-atollic-eabi/lib/armv6-m\libc_nano.a(lib_a-memcpy-stub.o)
 .debug_frame   0x00002394       0x20 c:/program files (x86)/atollic/truestudio for stm32 9.2.0/armtools/bin/../lib/gcc/arm-atollic-eabi/6.3.1/../../../../arm-atollic-eabi/lib/armv6-m\libc_nano.a(lib_a-memset.o)
 .debug_frame   0x000023b4       0x28 c:/program files (x86)/atollic/truestudio for stm32 9.2.0/armtools/bin/../lib/gcc/arm-atollic-eabi/6.3.1/../../../../arm-atollic-eabi/lib/armv6-m\libc_nano.a(lib_a-strcat.o)
 .debug_frame   0x000023dc       0x20 c:/program files (x86)/atollic/truestudio for stm32 9.2.0/armtools/bin/../lib/gcc/arm-atollic-eabi/6.3.1/../../../../arm-atollic-eabi/lib/armv6-m\libc_nano.a(lib_a-strcmp.o)
 .debug_frame   0x000023fc       0x20 c:/program files (x86)/atollic/truestudio for stm32 9.2.0/armtools/bin/../lib/gcc/arm-atollic-eabi/6.3.1/../../../../arm-atollic-eabi/lib/armv6-m\libc_nano.a(lib_a-strcpy.o)
 .debug_frame   0x0000241c       0x20 c:/program files (x86)/atollic/truestudio for stm32 9.2.0/armtools/bin/../lib/gcc/arm-atollic-eabi/6.3.1/armv6-m\libgcc.a(_udivsi3.o)
 .debug_frame   0x0000243c       0x20 c:/program files (x86)/atollic/truestudio for stm32 9.2.0/armtools/bin/../lib/gcc/arm-atollic-eabi/6.3.1/armv6-m\libgcc.a(_divsi3.o)
 .debug_frame   0x0000245c       0x3c c:/program files (x86)/atollic/truestudio for stm32 9.2.0/armtools/bin/../lib/gcc/arm-atollic-eabi/6.3.1/armv6-m\libgcc.a(_udivmoddi4.o)
