Archive member included to satisfy reference by file (symbol)

c:/program files (x86)/atollic/truestudio for stm32 9.2.0/armtools/bin/../lib/gcc/arm-atollic-eabi/6.3.1/../../../../arm-atollic-eabi/lib/armv6-m\libc_nano.a(lib_a-errno.o)
                              Src\syscalls.o (__errno)
c:/program files (x86)/atollic/truestudio for stm32 9.2.0/armtools/bin/../lib/gcc/arm-atollic-eabi/6.3.1/../../../../arm-atollic-eabi/lib/armv6-m\libc_nano.a(lib_a-impure.o)
                              c:/program files (x86)/atollic/truestudio for stm32 9.2.0/armtools/bin/../lib/gcc/arm-atollic-eabi/6.3.1/../../../../arm-atollic-eabi/lib/armv6-m\libc_nano.a(lib_a-errno.o) (_impure_ptr)
c:/program files (x86)/atollic/truestudio for stm32 9.2.0/armtools/bin/../lib/gcc/arm-atollic-eabi/6.3.1/../../../../arm-atollic-eabi/lib/armv6-m\libc_nano.a(lib_a-init.o)
                              startup\startup_stm32l053xx.o (__libc_init_array)
c:/program files (x86)/atollic/truestudio for stm32 9.2.0/armtools/bin/../lib/gcc/arm-atollic-eabi/6.3.1/../../../../arm-atollic-eabi/lib/armv6-m\libc_nano.a(lib_a-memcpy-stub.o)
                              Src\gps.o (memcpy)
c:/program files (x86)/atollic/truestudio for stm32 9.2.0/armtools/bin/../lib/gcc/arm-atollic-eabi/6.3.1/../../../../arm-atollic-eabi/lib/armv6-m\libc_nano.a(lib_a-memset.o)
                              Drivers\STM32L0xx_HAL_Driver\Src\stm32l0xx_hal_rcc.o (memset)
c:/program files (x86)/atollic/truestudio for stm32 9.2.0/armtools/bin/../lib/gcc/arm-atollic-eabi/6.3.1/../../../../arm-atollic-eabi/lib/armv6-m\libc_nano.a(lib_a-strcat.o)
                              Src\gps.o (strcat)
c:/program files (x86)/atollic/truestudio for stm32 9.2.0/armtools/bin/../lib/gcc/arm-atollic-eabi/6.3.1/../../../../arm-atollic-eabi/lib/armv6-m\libc_nano.a(lib_a-strcmp.o)
                              Src\gps.o (strcmp)
c:/program files (x86)/atollic/truestudio for stm32 9.2.0/armtools/bin/../lib/gcc/arm-atollic-eabi/6.3.1/../../../../arm-atollic-eabi/lib/armv6-m\libc_nano.a(lib_a-strcpy.o)
                              Src\gps.o (strcpy)
c:/program files (x86)/atollic/truestudio for stm32 9.2.0/armtools/bin/../lib/gcc/arm-atollic-eabi/6.3.1/armv6-m\libgcc.a(_thumb1_case_uqi.o)
                              Drivers\STM32L0xx_HAL_Driver\Src\stm32l0xx_hal_dma.o (__gnu_thumb1_case_uqi)
c:/program files (x86)/atollic/truestudio for stm32 9.2.0/armtools/bin/../lib/gcc/arm-atollic-eabi/6.3.1/armv6-m\libgcc.a(_udivsi3.o)
                              Drivers\STM32L0xx_HAL_Driver\Src\stm32l0xx_hal.o (__aeabi_uidiv)
c:/program files (x86)/atollic/truestudio for stm32 9.2.0/armtools/bin/../lib/gcc/arm-atollic-eabi/6.3.1/armv6-m\libgcc.a(_divsi3.o)
                              Src\hr.o (__aeabi_idiv)
c:/program files (x86)/atollic/truestudio for stm32 9.2.0/armtools/bin/../lib/gcc/arm-atollic-eabi/6.3.1/armv6-m\libgcc.a(_dvmd_tls.o)
                              c:/program files (x86)/atollic/truestudio for stm32 9.2.0/armtools/bin/../lib/gcc/arm-atollic-eabi/6.3.1/armv6-m\libgcc.a(_udivsi3.o) (__aeabi_idiv0)
c:/program files (x86)/atollic/truestudio for stm32 9.2.0/armtools/bin/../lib/gcc/arm-atollic-eabi/6.3.1/armv6-m\libgcc.a(_aeabi_uldivmod.o)
                              Drivers\STM32L0xx_HAL_Driver\Src\stm32l0xx_hal_uart.o (__aeabi_uldivmod)
c:/program files (x86)/atollic/truestudio for stm32 9.2.0/armtools/bin/../lib/gcc/arm-atollic-eabi/6.3.1/armv6-m\libgcc.a(_udivmoddi4.o)
                              c:/program files (x86)/atollic/truestudio for stm32 9.2.0/armtools/bin/../lib/gcc/arm-atollic-eabi/6.3.1/armv6-m\libgcc.a(_aeabi_uldivmod.o) (__udivmoddi4)
c:/program files (x86)/atollic/truestudio for stm32 9.2.0/armtools/bin/../lib/gcc/arm-atollic-eabi/6.3.1/armv6-m\libgcc.a(_clzdi2.o)
                              c:/program files (x86)/atollic/truestudio for stm32 9.2.0/armtools/bin/../lib/gcc/arm-atollic-eabi/6.3.1/armv6-m\libgcc.a(_udivmoddi4.o) (__clzdi2)
c:/program files (x86)/atollic/truestudio for stm32 9.2.0/armtools/bin/../lib/gcc/arm-atollic-eabi/6.3.1/armv6-m\libgcc.a(_clzsi2.o)
                              c:/program files (x86)/atollic/truestudio for stm32 9.2.0/armtools/bin/../lib/gcc/arm-atollic-eabi/6.3.1/armv6-m\libgcc.a(_clzdi2.o) (__clzsi2)

Allocating common symbols
Common symbol       size              file

hspi2               0x58              Src\main.o
HR_Valid            0x4               Src\main.o
hi2c1               0x4c              Src\main.o
uwTick              0x4               Drivers\STM32L0xx_HAL_Driver\Src\stm32l0xx_hal.o
pFlash              0x18              Drivers\STM32L0xx_HAL_Driver\Src\stm32l0xx_hal_flash.o
hdma_usart1_rx      0x48              Src\main.o
huart1              0x80              Src\main.o
GGA_MESSAGE         0x32              Src\main.o
sendMeasurements    0x1b              Src\main.o
longitude           0xb               Src\main.o
fix                 0x2               Src\main.o
[...]
Memory Configuration

Name             Origin             Length             Attributes
RAM              0x20000000         0x00002000         xrw
FLASH            0x08000000         0x00010000         xr
*default*        0x00000000         0xffffffff

Linker script and memory map

LOAD c:/program files (x86)/atollic/truestudio for stm32 9.2.0/armtools/bin/../lib/gcc/arm-atollic-eabi/6.3.1/armv6-m/crti.o
LOAD c:/program files (x86)/atollic/truestudio for stm32 9.2.0/armtools/bin/../lib/gcc/arm-atollic-eabi/6.3.1/armv6-m/crtbegin.o
LOAD Drivers\STM32L0xx_HAL_Driver\Src\stm32l0xx_hal.o
LOAD Drivers\STM32L0xx_HAL_Driver\Src\stm32l0xx_hal_cortex.o
LOAD Drivers\STM32L0xx_HAL_Driver\Src\stm32l0xx_hal_dma.o
LOAD Drivers\STM32L0xx_HAL_Driver\Src\stm32l0xx_hal_flash.o
LOAD Drivers\STM32L0xx_HAL_Driver\Src\stm32l0xx_hal_flash_ex.o
LOAD Drivers\STM32L0xx_HAL_Driver\Src\stm32l0xx_hal_flash_ramfunc.o
LOAD Drivers\STM32L0xx_HAL_Driver\Src\stm32l0xx_hal_gpio.o
LOAD Drivers\STM32L0xx_HAL_Driver\Src\stm32l0xx_hal_i2c.o
LOAD Drivers\STM32L0xx_HAL_Driver\Src\stm32l0xx_hal_i2c_ex.o
LOAD Drivers\STM32L0xx_HAL_Driver\Src\stm32l0xx_hal_pwr.o
LOAD Drivers\STM32L0xx_HAL_Driver\Src\stm32l0xx_hal_pwr_ex.o
LOAD Drivers\STM32L0xx_HAL_Driver\Src\stm32l0xx_hal_rcc.o
LOAD Drivers\STM32L0xx_HAL_Driver\Src\stm32l0xx_hal_rcc_ex.o
LOAD Drivers\STM32L0xx_HAL_Driver\Src\stm32l0xx_hal_spi.o
LOAD Drivers\STM32L0xx_HAL_Driver\Src\stm32l0xx_hal_tim.o
LOAD Drivers\STM32L0xx_HAL_Driver\Src\stm32l0xx_hal_tim_ex.o
LOAD Drivers\STM32L0xx_HAL_Driver\Src\stm32l0xx_hal_uart.o
LOAD Drivers\STM32L0xx_HAL_Driver\Src\stm32l0xx_hal_uart_ex.o
LOAD Src\gps.o
LOAD Src\hr.o
LOAD Src\lora.o
LOAD Src\main.o
LOAD Src\oled.o
LOAD Src\receive_packet.o
LOAD Src\stm32l0xx_hal_msp.o
LOAD Src\stm32l0xx_it.o
LOAD Src\syscalls.o
LOAD Src\system_stm32l0xx.o
LOAD startup\startup_stm32l053xx.o
                0x00000080                malloc_getpagesize_P = 0x80
START GROUP
LOAD c:/program files (x86)/atollic/truestudio for stm32 9.2.0/armtools/bin/../lib/gcc/arm-atollic-eabi/6.3.1/../../../../arm-atollic-eabi/lib/armv6-m\libc_nano.a
LOAD c:/program files (x86)/atollic/truestudio for stm32 9.2.0/armtools/bin/../lib/gcc/arm-atollic-eabi/6.3.1/../../../../arm-atollic-eabi/lib/armv6-m\libm.a
END GROUP
START GROUP
LOAD c:/program files (x86)/atollic/truestudio for stm32 9.2.0/armtools/bin/../lib/gcc/arm-atollic-eabi/6.3.1/armv6-m\libgcc.a
LOAD c:/program files (x86)/atollic/truestudio for stm32 9.2.0/armtools/bin/../lib/gcc/arm-atollic-eabi/6.3.1/../../../../arm-atollic-eabi/lib/armv6-m\libc_nano.a
END GROUP
START GROUP
LOAD c:/program files (x86)/atollic/truestudio for stm32 9.2.0/armtools/bin/../lib/gcc/arm-atollic-eabi/6.3.1/armv6-m\libgcc.a
LOAD c:/program files (x86)/atollic/truestudio for stm32 9.2.0/armtools/bin/../lib/gcc/arm-atollic-eabi/6.3.1/../../../../arm-atollic-eabi/lib/armv6-m\libc_nano.a
LOAD c:/program files (x86)/atollic/truestudio for stm32 9.2.0/armtools/bin/../lib/gcc/arm-atollic-eabi/6.3.1/../../../../arm-atollic-eabi/lib/armv6-m\libnosys.a
END GROUP
START GROUP
LOAD c:/program files (x86)/atollic/truestudio for stm32 9.2.0/armtools/bin/../lib/gcc/arm-atollic-eabi/6.3.1/armv6-m\libgcc.a
LOAD c:/program files (x86)/atollic/truestudio for stm32 9.2.0/armtools/bin/../lib/gcc/arm-atollic-eabi/6.3.1/../../../../arm-atollic-eabi/lib/armv6-m\libc_nano.a
LOAD c:/program files (x86)/atollic/truestudio for stm32 9.2.0/armtools/bin/../lib/gcc/arm-atollic-eabi/6.3.1/../../../../arm-atollic-eabi/lib/armv6-m\libnosys.a
END GROUP
LOAD c:/program files (x86)/atollic/truestudio for stm32 9.2.0/armtools/bin/../lib/gcc/arm-atollic-eabi/6.3.1/armv6-m/crtend.o
LOAD c:/program files (x86)/atollic/truestudio for stm32 9.2.0/armtools/bin/../lib/gcc/arm-atollic-eabi/6.3.1/armv6-m/crtn.o
                0x20002000                _estack = 0x20002000
                0x00000200                _Min_Heap_Size = 0x200
                0x00000400                _Min_Stack_Size = 0x400

.isr_vector     0x08000000       0xc0
                0x08000000                . = ALIGN (0x4)
 *(.isr_vector)
 .isr_vector    0x08000000       0xc0 startup\startup_stm32l053xx.o
                0x08000000                g_pfnVectors
                0x080000c0                . = ALIGN (0x4)

.text           0x080000c0     0x44d0
                0x080000c0                . = ALIGN (0x4)
 *(.text)
 .text          0x080000c0       0x48 c:/program files (x86)/atollic/truestudio for stm32 9.2.0/armtools/bin/../lib/gcc/arm-atollic-eabi/6.3.1/armv6-m/crtbegin.o
 .text          0x08000108       0x14 c:/program files (x86)/atollic/truestudio for stm32 9.2.0/armtools/bin/../lib/gcc/arm-atollic-eabi/6.3.1/../../../../arm-atollic-eabi/lib/armv6-m\libc_nano.a(lib_a-strcmp.o)
                0x08000108                strcmp
 .text          0x0800011c       0x14 c:/program files (x86)/atollic/truestudio for stm32 9.2.0/armtools/bin/../lib/gcc/arm-atollic-eabi/6.3.1/armv6-m\libgcc.a(_thumb1_case_uqi.o)
                0x0800011c                __gnu_thumb1_case_uqi
 .text          0x08000130      0x114 c:/program files (x86)/atollic/truestudio for stm32 9.2.0/armtools/bin/../lib/gcc/arm-atollic-eabi/6.3.1/armv6-m\libgcc.a(_udivsi3.o)
                0x08000130                __aeabi_uidiv
                0x08000130                __udivsi3
                0x0800023c                __aeabi_uidivmod
 .text          0x08000244      0x1d4 c:/program files (x86)/atollic/truestudio for stm32 9.2.0/armtools/bin/../lib/gcc/arm-atollic-eabi/6.3.1/armv6-m\libgcc.a(_divsi3.o)
                0x08000244                __divsi3
                0x08000244                __aeabi_idiv
                0x08000410                __aeabi_idivmod
 .text          0x08000418        0x4 c:/program files (x86)/atollic/truestudio for stm32 9.2.0/armtools/bin/../lib/gcc/arm-atollic-eabi/6.3.1/armv6-m\libgcc.a(_dvmd_tls.o)
                0x08000418                __aeabi_idiv0
                0x08000418                __aeabi_ldiv0
 .text          0x0800041c       0x40 c:/program files (x86)/atollic/truestudio for stm32 9.2.0/armtools/bin/../lib/gcc/arm-atollic-eabi/6.3.1/armv6-m\libgcc.a(_aeabi_uldivmod.o)
                0x0800041c                __aeabi_uldivmod
 .text          0x0800045c      0x180 c:/program files (x86)/atollic/truestudio for stm32 9.2.0/armtools/bin/../lib/gcc/arm-atollic-eabi/6.3.1/armv6-m\libgcc.a(_udivmoddi4.o)
                0x0800045c                __udivmoddi4
 .text          0x080005dc       0x18 c:/program files (x86)/atollic/truestudio for stm32 9.2.0/armtools/bin/../lib/gcc/arm-atollic-eabi/6.3.1/armv6-m\libgcc.a(_clzdi2.o)
                0x080005dc                __clzdi2
 .text          0x080005f4       0x3c c:/program files (x86)/atollic/truestudio for stm32 9.2.0/armtools/bin/../lib/gcc/arm-atollic-eabi/6.3.1/armv6-m\libgcc.a(_clzsi2.o)
                0x080005f4                __clzsi2
 *(.text*)
 .text.HAL_InitTick
                0x08000630       0x30 Drivers\STM32L0xx_HAL_Driver\Src\stm32l0xx_hal.o
                0x08000630                HAL_InitTick
 .text.HAL_Init
                0x08000660       0x28 Drivers\STM32L0xx_HAL_Driver\Src\stm32l0xx_hal.o
                0x08000660                HAL_Init
 .text.HAL_IncTick
                0x08000688       0x10 Drivers\STM32L0xx_HAL_Driver\Src\stm32l0xx_hal.o
                0x08000688                HAL_IncTick
 .text.HAL_GetTick
                0x08000698        0xc Drivers\STM32L0xx_HAL_Driver\Src\stm32l0xx_hal.o
                0x08000698                HAL_GetTick
 .text.HAL_Delay
                0x080006a4       0x1e Drivers\STM32L0xx_HAL_Driver\Src\stm32l0xx_hal.o
                0x080006a4                HAL_Delay
 *fill*         0x080006c2        0x2 
 .text.HAL_NVIC_SetPriority
                0x080006c4       0x60 Drivers\STM32L0xx_HAL_Driver\Src\stm32l0xx_hal_cortex.o
                0x080006c4                HAL_NVIC_SetPriority
 .text.HAL_NVIC_EnableIRQ
                0x08000724       0x14 Drivers\STM32L0xx_HAL_Driver\Src\stm32l0xx_hal_cortex.o
                0x08000724                HAL_NVIC_EnableIRQ
 .text.HAL_SYSTICK_Config
                0x08000738       0x34 Drivers\STM32L0xx_HAL_Driver\Src\stm32l0xx_hal_cortex.o
                0x08000738                HAL_SYSTICK_Config
 .text.HAL_DMA_Init
                0x0800076c       0x88 Drivers\STM32L0xx_HAL_Driver\Src\stm32l0xx_hal_dma.o
                0x0800076c                HAL_DMA_Init
 .text.HAL_DMA_Start_IT
                0x080007f4       0x7e Drivers\STM32L0xx_HAL_Driver\Src\stm32l0xx_hal_dma.o
                0x080007f4                HAL_DMA_Start_IT
 .text.HAL_DMA_Abort_IT
                0x08000872       0x4a Drivers\STM32L0xx_HAL_Driver\Src\stm32l0xx_hal_dma.o
                0x08000872                HAL_DMA_Abort_IT
 .text.HAL_DMA_IRQHandler
                0x080008bc       0x96 Drivers\STM32L0xx_HAL_Driver\Src\stm32l0xx_hal_dma.o
                0x080008bc                HAL_DMA_IRQHandler
 *fill*         0x08000952        0x2 
 .text.HAL_GPIO_Init
                0x08000954      0x16c Drivers\STM32L0xx_HAL_Driver\Src\stm32l0xx_hal_gpio.o
                0x08000954                HAL_GPIO_Init
 .text.HAL_GPIO_ReadPin
                0x08000ac0        0xc Drivers\STM32L0xx_HAL_Driver\Src\stm32l0xx_hal_gpio.o
                0x08000ac0                HAL_GPIO_ReadPin
 .text.HAL_GPIO_WritePin
                0x08000acc        0xc Drivers\STM32L0xx_HAL_Driver\Src\stm32l0xx_hal_gpio.o
                0x08000acc                HAL_GPIO_WritePin
 .text.HAL_GPIO_EXTI_IRQHandler
                0x08000ad8       0x18 Drivers\STM32L0xx_HAL_Driver\Src\stm32l0xx_hal_gpio.o
                0x08000ad8                HAL_GPIO_EXTI_IRQHandler
 .text.I2C_Flush_TXDR
                0x08000af0       0x1c Drivers\STM32L0xx_HAL_Driver\Src\stm32l0xx_hal_i2c.o
 .text.I2C_TransferConfig
                0x08000b0c       0x2c Drivers\STM32L0xx_HAL_Driver\Src\stm32l0xx_hal_i2c.o
 .text.I2C_WaitOnFlagUntilTimeout
                0x08000b38       0x50 Drivers\STM32L0xx_HAL_Driver\Src\stm32l0xx_hal_i2c.o
 .text.I2C_IsAcknowledgeFailed
                0x08000b88       0x7c Drivers\STM32L0xx_HAL_Driver\Src\stm32l0xx_hal_i2c.o
 .text.I2C_WaitOnTXISFlagUntilTimeout
                0x08000c04       0x54 Drivers\STM32L0xx_HAL_Driver\Src\stm32l0xx_hal_i2c.o
 .text.I2C_WaitOnSTOPFlagUntilTimeout
                0x08000c58       0x50 Drivers\STM32L0xx_HAL_Driver\Src\stm32l0xx_hal_i2c.o
 .text.I2C_WaitOnRXNEFlagUntilTimeout
                0x08000ca8       0x80 Drivers\STM32L0xx_HAL_Driver\Src\stm32l0xx_hal_i2c.o
 .text.HAL_I2C_Init
                0x08000d28       0xac Drivers\STM32L0xx_HAL_Driver\Src\stm32l0xx_hal_i2c.o
                0x08000d28                HAL_I2C_Init
 .text.HAL_I2C_Master_Transmit
                0x08000dd4      0x12c Drivers\STM32L0xx_HAL_Driver\Src\stm32l0xx_hal_i2c.o
                0x08000dd4                HAL_I2C_Master_Transmit
 .text.HAL_I2C_Master_Receive
                0x08000f00      0x130 Drivers\STM32L0xx_HAL_Driver\Src\stm32l0xx_hal_i2c.o
                0x08000f00                HAL_I2C_Master_Receive
 .text.HAL_I2CEx_ConfigAnalogFilter
                0x08001030       0x4c Drivers\STM32L0xx_HAL_Driver\Src\stm32l0xx_hal_i2c_ex.o
                0x08001030                HAL_I2CEx_ConfigAnalogFilter
 .text.HAL_I2CEx_ConfigDigitalFilter
                0x0800107c       0x48 Drivers\STM32L0xx_HAL_Driver\Src\stm32l0xx_hal_i2c_ex.o
                0x0800107c                HAL_I2CEx_ConfigDigitalFilter
 .text.HAL_RCC_GetSysClockFreq
                0x080010c4       0x78 Drivers\STM32L0xx_HAL_Driver\Src\stm32l0xx_hal_rcc.o
                0x080010c4                HAL_RCC_GetSysClockFreq
 .text.HAL_RCC_OscConfig
                0x0800113c      0x508 Drivers\STM32L0xx_HAL_Driver\Src\stm32l0xx_hal_rcc.o
                0x0800113c                HAL_RCC_OscConfig
 .text.HAL_RCC_ClockConfig
                0x08001644      0x170 Drivers\STM32L0xx_HAL_Driver\Src\stm32l0xx_hal_rcc.o
                0x08001644                HAL_RCC_ClockConfig
 .text.HAL_RCC_GetPCLK1Freq
                0x080017b4       0x20 Drivers\STM32L0xx_HAL_Driver\Src\stm32l0xx_hal_rcc.o
                0x080017b4                HAL_RCC_GetPCLK1Freq
 .text.HAL_RCC_GetPCLK2Freq
                0x080017d4       0x20 Drivers\STM32L0xx_HAL_Driver\Src\stm32l0xx_hal_rcc.o
                0x080017d4                HAL_RCC_GetPCLK2Freq
 .text.HAL_RCCEx_PeriphCLKConfig
                0x080017f4      0x1bc Drivers\STM32L0xx_HAL_Driver\Src\stm32l0xx_hal_rcc_ex.o
                0x080017f4                HAL_RCCEx_PeriphCLKConfig
 .text.SPI_WaitFlagStateUntilTimeout.constprop.8
                0x080019b0       0x84 Drivers\STM32L0xx_HAL_Driver\Src\stm32l0xx_hal_spi.o
 .text.SPI_EndRxTransaction
                0x08001a34       0x54 Drivers\STM32L0xx_HAL_Driver\Src\stm32l0xx_hal_spi.o
 .text.SPI_EndRxTxTransaction
                0x08001a88       0x3e Drivers\STM32L0xx_HAL_Driver\Src\stm32l0xx_hal_spi.o
 *fill*         0x08001ac6        0x2 
 .text.HAL_SPI_Init
                0x08001ac8       0x80 Drivers\STM32L0xx_HAL_Driver\Src\stm32l0xx_hal_spi.o
                0x08001ac8                HAL_SPI_Init
 .text.HAL_SPI_Transmit
                0x08001b48      0x16e Drivers\STM32L0xx_HAL_Driver\Src\stm32l0xx_hal_spi.o
                0x08001b48                HAL_SPI_Transmit
 .text.HAL_SPI_TransmitReceive
                0x08001cb6      0x1ec Drivers\STM32L0xx_HAL_Driver\Src\stm32l0xx_hal_spi.o
                0x08001cb6                HAL_SPI_TransmitReceive
 *fill*         0x08001ea2        0x2 
 .text.HAL_SPI_Receive
                0x08001ea4      0x14c Drivers\STM32L0xx_HAL_Driver\Src\stm32l0xx_hal_spi.o
                0x08001ea4                HAL_SPI_Receive
 .text.HAL_SPI_GetState
                0x08001ff0        0x8 Drivers\STM32L0xx_HAL_Driver\Src\stm32l0xx_hal_spi.o
                0x08001ff0                HAL_SPI_GetState
 .text.TIM_Base_SetConfig
                0x08001ff8       0x5c Drivers\STM32L0xx_HAL_Driver\Src\stm32l0xx_hal_tim.o
 .text.HAL_TIM_Base_Init
                0x08002054       0x36 Drivers\STM32L0xx_HAL_Driver\Src\stm32l0xx_hal_tim.o
                0x08002054                HAL_TIM_Base_Init
 .text.HAL_TIM_Base_Start_IT
                0x0800208a       0x1e Drivers\STM32L0xx_HAL_Driver\Src\stm32l0xx_hal_tim.o
                0x0800208a                HAL_TIM_Base_Start_IT
 .text.HAL_TIM_Base_Stop_IT
                0x080020a8       0x20 Drivers\STM32L0xx_HAL_Driver\Src\stm32l0xx_hal_tim.o
                0x080020a8                HAL_TIM_Base_Stop_IT
 .text.HAL_TIM_ConfigClockSource
                0x080020c8      0x144 Drivers\STM32L0xx_HAL_Driver\Src\stm32l0xx_hal_tim.o
                0x080020c8                HAL_TIM_ConfigClockSource
 .text.HAL_TIM_OC_DelayElapsedCallback
                0x0800220c        0x2 Drivers\STM32L0xx_HAL_Driver\Src\stm32l0xx_hal_tim.o
                0x0800220c                HAL_TIM_OC_DelayElapsedCallback
 .text.HAL_TIM_IC_CaptureCallback
                0x0800220e        0x2 Drivers\STM32L0xx_HAL_Driver\Src\stm32l0xx_hal_tim.o
                0x0800220e                HAL_TIM_IC_CaptureCallback
 .text.HAL_TIM_PWM_PulseFinishedCallback
                0x08002210        0x2 Drivers\STM32L0xx_HAL_Driver\Src\stm32l0xx_hal_tim.o
                0x08002210                HAL_TIM_PWM_PulseFinishedCallback
 .text.HAL_TIM_TriggerCallback
                0x08002212        0x2 Drivers\STM32L0xx_HAL_Driver\Src\stm32l0xx_hal_tim.o
                0x08002212                HAL_TIM_TriggerCallback
 .text.HAL_TIM_IRQHandler
                0x08002214      0x110 Drivers\STM32L0xx_HAL_Driver\Src\stm32l0xx_hal_tim.o
                0x08002214                HAL_TIM_IRQHandler
 .text.HAL_TIMEx_MasterConfigSynchronization
                0x08002324       0x3a Drivers\STM32L0xx_HAL_Driver\Src\stm32l0xx_hal_tim_ex.o
                0x08002324                HAL_TIMEx_MasterConfigSynchronization
 *fill*         0x0800235e        0x2 
 .text.UART_EndRxTransfer
                0x08002360       0x24 Drivers\STM32L0xx_HAL_Driver\Src\stm32l0xx_hal_uart.o
 .text.HAL_UART_Receive_DMA
                0x08002384       0xb0 Drivers\STM32L0xx_HAL_Driver\Src\stm32l0xx_hal_uart.o
                0x08002384                HAL_UART_Receive_DMA
 .text.HAL_UART_TxCpltCallback
                0x08002434        0x2 Drivers\STM32L0xx_HAL_Driver\Src\stm32l0xx_hal_uart.o
                0x08002434                HAL_UART_TxCpltCallback
 *fill*         0x08002436        0x2 
 .text.UART_DMAReceiveCplt
                0x08002438       0x40 Drivers\STM32L0xx_HAL_Driver\Src\stm32l0xx_hal_uart.o
 .text.HAL_UART_RxHalfCpltCallback
                0x08002478        0x2 Drivers\STM32L0xx_HAL_Driver\Src\stm32l0xx_hal_uart.o
                0x08002478                HAL_UART_RxHalfCpltCallback
 .text.UART_DMARxHalfCplt
                0x0800247a        0xa Drivers\STM32L0xx_HAL_Driver\Src\stm32l0xx_hal_uart.o
 .text.HAL_UART_ErrorCallback
                0x08002484        0x2 Drivers\STM32L0xx_HAL_Driver\Src\stm32l0xx_hal_uart.o
                0x08002484                HAL_UART_ErrorCallback
 .text.UART_DMAError
                0x08002486       0x50 Drivers\STM32L0xx_HAL_Driver\Src\stm32l0xx_hal_uart.o
 *fill*         0x080024d6        0x2 
 .text.HAL_UART_IRQHandler
                0x080024d8      0x138 Drivers\STM32L0xx_HAL_Driver\Src\stm32l0xx_hal_uart.o
                0x080024d8                HAL_UART_IRQHandler
 .text.UART_DMAAbortOnError
                0x08002610       0x16 Drivers\STM32L0xx_HAL_Driver\Src\stm32l0xx_hal_uart.o
 *fill*         0x08002626        0x2 
 .text.UART_SetConfig
                0x08002628      0x23c Drivers\STM32L0xx_HAL_Driver\Src\stm32l0xx_hal_uart.o
                0x08002628                UART_SetConfig
 .text.UART_AdvFeatureConfig
                0x08002864       0xd0 Drivers\STM32L0xx_HAL_Driver\Src\stm32l0xx_hal_uart.o
                0x08002864                UART_AdvFeatureConfig
 .text.UART_WaitOnFlagUntilTimeout
                0x08002934       0x5c Drivers\STM32L0xx_HAL_Driver\Src\stm32l0xx_hal_uart.o
                0x08002934                UART_WaitOnFlagUntilTimeout
 .text.HAL_UART_Transmit
                0x08002990       0xd2 Drivers\STM32L0xx_HAL_Driver\Src\stm32l0xx_hal_uart.o
                0x08002990                HAL_UART_Transmit
 *fill*         0x08002a62        0x2 
 .text.UART_CheckIdleState
                0x08002a64       0x60 Drivers\STM32L0xx_HAL_Driver\Src\stm32l0xx_hal_uart.o
                0x08002a64                UART_CheckIdleState
 .text.HAL_UART_Init
                0x08002ac4       0x64 Drivers\STM32L0xx_HAL_Driver\Src\stm32l0xx_hal_uart.o
                0x08002ac4                HAL_UART_Init
 .text.HAL_UARTEx_WakeupCallback
                0x08002b28        0x2 Drivers\STM32L0xx_HAL_Driver\Src\stm32l0xx_hal_uart_ex.o
                0x08002b28                HAL_UARTEx_WakeupCallback
 *fill*         0x08002b2a        0x2 
 .text.GPS_INIT
                0x08002b2c       0x40 Src\gps.o
                0x08002b2c                GPS_INIT
 .text.parseData
                0x08002b6c       0xf8 Src\gps.o
                0x08002b6c                parseData
 .text.HR_APP_MODE
                0x08002c64       0x58 Src\hr.o
                0x08002c64                HR_APP_MODE
 .text.HR_MFIO_SET
                0x08002cbc       0x40 Src\hr.o
                0x08002cbc                HR_MFIO_SET
 .text.write_cmd
                0x08002cfc       0x7c Src\hr.o
                0x08002cfc                write_cmd
 .text.HR_INIT  0x08002d78       0xa0 Src\hr.o
                0x08002d78                HR_INIT
 .text.shut30101
                0x08002e18       0x20 Src\hr.o
                0x08002e18                shut30101
 .text.read_cmd
                0x08002e38       0x70 Src\hr.o
                0x08002e38                read_cmd
 .text.start30101
                0x08002ea8       0x74 Src\hr.o
                0x08002ea8                start30101
 .text.fill_buff
                0x08002f1c       0x54 Src\hr.o
                0x08002f1c                fill_buff
 .text.HR_READ  0x08002f70       0xe4 Src\hr.o
                0x08002f70                HR_READ
 .text.writeReg
                0x08003054       0x70 Src\lora.o
                0x08003054                writeReg
 .text.readReg  0x080030c4       0x74 Src\lora.o
                0x080030c4                readReg
 .text.readFIFO
                0x08003138       0x70 Src\lora.o
                0x08003138                readFIFO
 .text.receiveData
                0x080031a8       0x70 Src\lora.o
                0x080031a8                receiveData
 .text.writeReg_Burst
                0x08003218       0x94 Src\lora.o
                0x08003218                writeReg_Burst
 .text.sendPacket
                0x080032ac       0xa0 Src\lora.o
                0x080032ac                sendPacket
 .text.LORA_INIT
                0x0800334c       0xcc Src\lora.o
                0x0800334c                LORA_INIT
 .text.packet_create
                0x08003418      0x100 Src\lora.o
                0x08003418                packet_create
 .text.SystemClock_Config
                0x08003518       0x7c Src\main.o
                0x08003518                SystemClock_Config
 .text.startup.main
                0x08003594      0x414 Src\main.o
                0x08003594                main
 .text.HAL_UART_RxCpltCallback
                0x080039a8       0x4c Src\main.o
                0x080039a8                HAL_UART_RxCpltCallback
 .text.HAL_GPIO_EXTI_Callback
                0x080039f4      0x108 Src\main.o
                0x080039f4                HAL_GPIO_EXTI_Callback
 .text.HAL_TIM_PeriodElapsedCallback
                0x08003afc       0x94 Src\main.o
                0x08003afc                HAL_TIM_PeriodElapsedCallback
 .text.Error_Handler
                0x08003b90        0x2 Src\main.o
                0x08003b90                Error_Handler
 *fill*         0x08003b92        0x2 
 .text.sendCMD  0x08003b94       0x44 Src\oled.o
                0x08003b94                sendCMD
 .text.sendDATA
                0x08003bd8       0x44 Src\oled.o
                0x08003bd8                sendDATA
 .text.turnOnScreen
                0x08003c1c       0x64 Src\oled.o
                0x08003c1c                turnOnScreen
 .text.clearScreen
                0x08003c80       0x1c Src\oled.o
                0x08003c80                clearScreen
 .text.sendString
                0x08003c9c       0xd8 Src\oled.o
                0x08003c9c                sendString
 .text.setupScreen
                0x08003d74       0xc0 Src\oled.o
                0x08003d74                setupScreen
 .text.updateScreen
                0x08003e34       0xec Src\oled.o
                0x08003e34                updateScreen
 .text.setUserName
                0x08003f20       0x40 Src\oled.o
                0x08003f20                setUserName
 .text.sendSOS  0x08003f60       0x40 Src\oled.o
                0x08003f60                sendSOS
 .text.clearSOS
                0x08003fa0       0x40 Src\oled.o
                0x08003fa0                clearSOS
 .text.user1Info
                0x08003fe0       0xfc Src\oled.o
                0x08003fe0                user1Info
 .text.displayActiveHR
                0x080040dc       0x40 Src\oled.o
                0x080040dc                displayActiveHR
 .text.removeActiveHR
                0x0800411c       0x40 Src\oled.o
                0x0800411c                removeActiveHR
 .text.parse_packet
                0x0800415c       0x94 Src\receive_packet.o
                0x0800415c                parse_packet
 .text.HAL_MspInit
                0x080041f0       0x1c Src\stm32l0xx_hal_msp.o
                0x080041f0                HAL_MspInit
 .text.HAL_I2C_MspInit
                0x0800420c       0x60 Src\stm32l0xx_hal_msp.o
                0x0800420c                HAL_I2C_MspInit
 .text.HAL_SPI_MspInit
                0x0800426c       0x94 Src\stm32l0xx_hal_msp.o
                0x0800426c                HAL_SPI_MspInit
 .text.HAL_TIM_Base_MspInit
                0x08004300       0x2c Src\stm32l0xx_hal_msp.o
                0x08004300                HAL_TIM_Base_MspInit
 .text.HAL_UART_MspInit
                0x0800432c       0xa0 Src\stm32l0xx_hal_msp.o
                0x0800432c                HAL_UART_MspInit
 .text.NMI_Handler
                0x080043cc        0x2 Src\stm32l0xx_it.o
                0x080043cc                NMI_Handler
 .text.HardFault_Handler
                0x080043ce        0x2 Src\stm32l0xx_it.o
                0x080043ce                HardFault_Handler
 .text.SVC_Handler
                0x080043d0        0x2 Src\stm32l0xx_it.o
                0x080043d0                SVC_Handler
 .text.PendSV_Handler
                0x080043d2        0x2 Src\stm32l0xx_it.o
                0x080043d2                PendSV_Handler
 .text.SysTick_Handler
                0x080043d4        0x8 Src\stm32l0xx_it.o
                0x080043d4                SysTick_Handler
 .text.EXTI0_1_IRQHandler
                0x080043dc        0xa Src\stm32l0xx_it.o
                0x080043dc                EXTI0_1_IRQHandler
 .text.EXTI4_15_IRQHandler
                0x080043e6       0x1c Src\stm32l0xx_it.o
                0x080043e6                EXTI4_15_IRQHandler
 *fill*         0x08004402        0x2 
 .text.DMA1_Channel2_3_IRQHandler
                0x08004404       0x10 Src\stm32l0xx_it.o
                0x08004404                DMA1_Channel2_3_IRQHandler
 .text.TIM2_IRQHandler
                0x08004414       0x10 Src\stm32l0xx_it.o
                0x08004414                TIM2_IRQHandler
 .text.USART1_IRQHandler
                0x08004424       0x10 Src\stm32l0xx_it.o
                0x08004424                USART1_IRQHandler
 .text.SystemInit
                0x08004434       0x5c Src\system_stm32l0xx.o
                0x08004434                SystemInit
 .text.Reset_Handler
                0x08004490       0x50 startup\startup_stm32l053xx.o
                0x08004490                Reset_Handler
 .text.Default_Handler
                0x080044e0        0x2 startup\startup_stm32l053xx.o
                0x080044e0                TSC_IRQHandler
                0x080044e0                ADC1_COMP_IRQHandler
                0x080044e0                PVD_IRQHandler
                0x080044e0                I2C1_IRQHandler
                0x080044e0                RCC_CRS_IRQHandler
                0x080044e0                SPI1_IRQHandler
                0x080044e0                TIM6_DAC_IRQHandler
                0x080044e0                EXTI2_3_IRQHandler
                0x080044e0                I2C2_IRQHandler
                0x080044e0                RTC_IRQHandler
                0x080044e0                LCD_IRQHandler
                0x080044e0                DMA1_Channel4_5_6_7_IRQHandler
                0x080044e0                DMA1_Channel1_IRQHandler
                0x080044e0                Default_Handler
                0x080044e0                TIM22_IRQHandler
                0x080044e0                USB_IRQHandler
                0x080044e0                SPI2_IRQHandler
                0x080044e0                TIM21_IRQHandler
                0x080044e0                WWDG_IRQHandler
                0x080044e0                USART2_IRQHandler
                0x080044e0                FLASH_IRQHandler
                0x080044e0                RNG_LPUART1_IRQHandler
                0x080044e0                LPTIM1_IRQHandler
 *fill*         0x080044e2        0x2 
 .text.__libc_init_array
                0x080044e4       0x48 c:/program files (x86)/atollic/truestudio for stm32 9.2.0/armtools/bin/../lib/gcc/arm-atollic-eabi/6.3.1/../../../../arm-atollic-eabi/lib/armv6-m\libc_nano.a(lib_a-init.o)
                0x080044e4                __libc_init_array
 .text.memcpy   0x0800452c       0x12 c:/program files (x86)/atollic/truestudio for stm32 9.2.0/armtools/bin/../lib/gcc/arm-atollic-eabi/6.3.1/../../../../arm-atollic-eabi/lib/armv6-m\libc_nano.a(lib_a-memcpy-stub.o)
                0x0800452c                memcpy
 .text.memset   0x0800453e       0x10 c:/program files (x86)/atollic/truestudio for stm32 9.2.0/armtools/bin/../lib/gcc/arm-atollic-eabi/6.3.1/../../../../arm-atollic-eabi/lib/armv6-m\libc_nano.a(lib_a-memset.o)
                0x0800453e                memset
 .text.strcat   0x0800454e       0x1a c:/program files (x86)/atollic/truestudio for stm32 9.2.0/armtools/bin/../lib/gcc/arm-atollic-eabi/6.3.1/../../../../arm-atollic-eabi/lib/armv6-m\libc_nano.a(lib_a-strcat.o)
                0x0800454e                strcat
 .text.strcpy   0x08004568       0x10 c:/program files (x86)/atollic/truestudio for stm32 9.2.0/armtools/bin/../lib/gcc/arm-atollic-eabi/6.3.1/../../../../arm-atollic-eabi/lib/armv6-m\libc_nano.a(lib_a-strcpy.o)
                0x08004568                strcpy
 *(.glue_7)
 .glue_7        0x08004578        0x0 linker stubs
 *(.glue_7t)
 .glue_7t       0x08004578        0x0 linker stubs
 *(.eh_frame)
 .eh_frame      0x08004578        0x0 c:/program files (x86)/atollic/truestudio for stm32 9.2.0/armtools/bin/../lib/gcc/arm-atollic-eabi/6.3.1/armv6-m/crtbegin.o
 *(.init)
 .init          0x08004578        0x4 c:/program files (x86)/atollic/truestudio for stm32 9.2.0/armtools/bin/../lib/gcc/arm-atollic-eabi/6.3.1/armv6-m/crti.o
                0x08004578                _init
 .init          0x0800457c        0x8 c:/program files (x86)/atollic/truestudio for stm32 9.2.0/armtools/bin/../lib/gcc/arm-atollic-eabi/6.3.1/armv6-m/crtn.o
 *(.fini)
 .fini          0x08004584        0x4 c:/program files (x86)/atollic/truestudio for stm32 9.2.0/armtools/bin/../lib/gcc/arm-atollic-eabi/6.3.1/armv6-m/crti.o
                0x08004584                _fini
 .fini          0x08004588        0x8 c:/program files (x86)/atollic/truestudio for stm32 9.2.0/armtools/bin/../lib/gcc/arm-atollic-eabi/6.3.1/armv6-m/crtn.o
                0x08004590                . = ALIGN (0x4)
                0x08004590                _etext = .

.vfp11_veneer   0x08004590        0x0
 .vfp11_veneer  0x08004590        0x0 linker stubs

.v4_bx          0x08004590        0x0
 .v4_bx         0x08004590        0x0 linker stubs

.iplt           0x08004590        0x0
 .iplt          0x08004590        0x0 c:/program files (x86)/atollic/truestudio for stm32 9.2.0/armtools/bin/../lib/gcc/arm-atollic-eabi/6.3.1/armv6-m/crtbegin.o

.rodata         0x08004590       0xe0
                0x08004590                . = ALIGN (0x4)
 *(.rodata)
 .rodata        0x08004590       0x2d Src\hr.o
 .rodata        0x080045bd       0x1a Src\oled.o
 *(.rodata*)
 .rodata.CSWTCH.55
                0x080045d7        0x4 Drivers\STM32L0xx_HAL_Driver\Src\stm32l0xx_hal_uart.o
 .rodata.CSWTCH.56
                0x080045db        0xd Drivers\STM32L0xx_HAL_Driver\Src\stm32l0xx_hal_uart.o
 .rodata.parseData.str1.1
                0x080045e8        0x9 Src\gps.o
 .rodata.clearSOS.str1.1
                0x080045f1        0x9 Src\oled.o
                                  0xb (size before relaxing)
 .rodata.displayActiveHR.str1.1
                0x080045f1        0x2 Src\oled.o
 .rodata.removeActiveHR.str1.1
                0x080045f3        0x2 Src\oled.o
 .rodata.sendSOS.str1.1
                0x080045f3        0xb Src\oled.o
 .rodata.setupScreen.str1.1
                0x080045fe       0x4c Src\oled.o
 .rodata.user1Info.str1.1
                0x0800464a        0x4 Src\oled.o
 .rodata.AHBPrescTable
                0x0800464e       0x10 Src\system_stm32l0xx.o
                0x0800464e                AHBPrescTable
 .rodata.APBPrescTable
                0x0800465e        0x8 Src\system_stm32l0xx.o
                0x0800465e                APBPrescTable
 .rodata.PLLMulTable
                0x08004666        0x9 Src\system_stm32l0xx.o
                0x08004666                PLLMulTable
                0x08004670                . = ALIGN (0x4)
 *fill*         0x0800466f        0x1 

.ARM.extab
 *(.ARM.extab* .gnu.linkonce.armextab.*)

.ARM            0x08004670        0x8
                0x08004670                __exidx_start = .
 *(.ARM.exidx*)
 .ARM.exidx     0x08004670        0x8 c:/program files (x86)/atollic/truestudio for stm32 9.2.0/armtools/bin/../lib/gcc/arm-atollic-eabi/6.3.1/armv6-m\libgcc.a(_udivmoddi4.o)
                0x08004678                __exidx_end = .

.rel.dyn        0x08004678        0x0
 .rel.iplt      0x08004678        0x0 c:/program files (x86)/atollic/truestudio for stm32 9.2.0/armtools/bin/../lib/gcc/arm-atollic-eabi/6.3.1/armv6-m/crtbegin.o

.preinit_array  0x08004678        0x0
                0x08004678                PROVIDE (__preinit_array_start, .)
 *(.preinit_array*)
                0x08004678                PROVIDE (__preinit_array_end, .)

.init_array     0x08004678        0x4
                0x08004678                PROVIDE (__init_array_start, .)
 *(SORT(.init_array.*))
 *(.init_array*)
 .init_array    0x08004678        0x4 c:/program files (x86)/atollic/truestudio for stm32 9.2.0/armtools/bin/../lib/gcc/arm-atollic-eabi/6.3.1/armv6-m/crtbegin.o
                0x0800467c                PROVIDE (__init_array_end, .)

.fini_array     0x0800467c        0x4
                [!provide]                PROVIDE (__fini_array_start, .)
 *(SORT(.fini_array.*))
 *(.fini_array*)
 .fini_array    0x0800467c        0x4 c:/program files (x86)/atollic/truestudio for stm32 9.2.0/armtools/bin/../lib/gcc/arm-atollic-eabi/6.3.1/armv6-m/crtbegin.o
                [!provide]                PROVIDE (__fini_array_end, .)
                0x08004680                _sidata = LOADADDR (.data)

.data           0x20000000      0x568 load address 0x08004680
                0x20000000                . = ALIGN (0x4)
                0x20000000                _sdata = .
 *(.data)
 *(.data*)
 .data.GPS_01HZ
                0x20000000       0x14 Src\gps.o
                0x20000000                GPS_01HZ
 .data.GPS_BAUDRATE
                0x20000014       0x13 Src\gps.o
                0x20000014                GPS_BAUDRATE
 .data.GPS_GGA  0x20000027       0x34 Src\gps.o
                0x20000027                GPS_GGA
 .data.MAX_BUFF
                0x2000005b        0x1 Src\hr.o
                0x2000005b                MAX_BUFF
 .data.num_samp
                0x2000005c        0x1 Src\hr.o
                0x2000005c                num_samp
 *fill*         0x2000005d        0x1 
 .data.readAddr
                0x2000005e        0x2 Src\hr.o
                0x2000005e                readAddr
 .data.writeAddr
                0x20000060        0x2 Src\hr.o
                0x20000060                writeAddr
 .data.headerFrom
                0x20000062        0x1 Src\lora.o
                0x20000062                headerFrom
 .data.headerTo
                0x20000063        0x1 Src\lora.o
                0x20000063                headerTo
 .data.FIRST    0x20000064        0x1 Src\main.o
                0x20000064                FIRST
 .data.contrastHigh
                0x20000065        0x2 Src\main.o
                0x20000065                contrastHigh
 .data.contrastLow
                0x20000067        0x2 Src\main.o
                0x20000067                contrastLow
 .data.sos      0x20000069        0x7 Src\main.o
                0x20000069                sos
 .data.MARSBMP  0x20000070      0x400 Src\oled.o
                0x20000070                MARSBMP
 .data.fonts    0x20000470       0xf2 Src\oled.o
                0x20000470                fonts
 .data.device_number
                0x20000562        0x1 Src\receive_packet.o
                0x20000562                device_number
 *fill*         0x20000563        0x1 
 .data.SystemCoreClock
                0x20000564        0x4 Src\system_stm32l0xx.o
                0x20000564                SystemCoreClock
                0x20000568                . = ALIGN (0x4)
                0x20000568                _edata = .

.igot.plt       0x20000568        0x0 load address 0x08004be8
 .igot.plt      0x20000568        0x0 c:/program files (x86)/atollic/truestudio for stm32 9.2.0/armtools/bin/../lib/gcc/arm-atollic-eabi/6.3.1/armv6-m/crtbegin.o
                0x20000568                . = ALIGN (0x4)

.bss            0x20000568      0x3b0 load address 0x08004be8
                0x20000568                _sbss = .
                0x20000568                __bss_start__ = _sbss
 *(.bss)
 .bss           0x20000568       0x1c c:/program files (x86)/atollic/truestudio for stm32 9.2.0/armtools/bin/../lib/gcc/arm-atollic-eabi/6.3.1/armv6-m/crtbegin.o
 *(.bss*)
 .bss.headerFlags
                0x20000584        0x1 Src\lora.o
                0x20000584                headerFlags
 .bss.headerID  0x20000585        0x1 Src\lora.o
                0x20000585                headerID
 .bss.DIM_FLAG  0x20000586        0x1 Src\main.o
                0x20000586                DIM_FLAG
 .bss.GPS_FLAG  0x20000587        0x1 Src\main.o
                0x20000587                GPS_FLAG
 .bss.GPS_READY
                0x20000588        0x1 Src\main.o
                0x20000588                GPS_READY
 .bss.HR_FLAG   0x20000589        0x1 Src\main.o
                0x20000589                HR_FLAG
 .bss.HR_READY  0x2000058a        0x1 Src\main.o
                0x2000058a                HR_READY
 .bss.HR_conf   0x2000058b        0x1 Src\main.o
                0x2000058b                HR_conf
 .bss.LORA_FLAG
                0x2000058c        0x1 Src\main.o
                0x2000058c                LORA_FLAG
 .bss.LORA_RECEIVED
                0x2000058d        0x1 Src\main.o
                0x2000058d                LORA_RECEIVED
 .bss.NAME_RECEIVED
                0x2000058e        0x1 Src\main.o
                0x2000058e                NAME_RECEIVED
 .bss.SOS_FLAG  0x2000058f        0x1 Src\main.o
                0x2000058f                SOS_FLAG
 .bss.SPO2      0x20000590        0x2 Src\main.o
                0x20000590                SPO2
 .bss.alg_state
                0x20000592        0x1 Src\main.o
                0x20000592                alg_state
 .bss.data      0x20000593       0x46 Src\main.o
                0x20000593                data
 *fill*         0x200005d9        0x1 
 .bss.heartrate
                0x200005da        0x2 Src\main.o
                0x200005da                heartrate
 .bss.isDim     0x200005dc        0x1 Src\main.o
                0x200005dc                isDim
 .bss.tempdata  0x200005dd       0x46 Src\main.o
                0x200005dd                tempdata
 .bss.timer_flag
                0x20000623        0x1 Src\main.o
                0x20000623                timer_flag
 .bss.isSelfSetup
                0x20000624        0x1 Src\oled.o
                0x20000624                isSelfSetup
 .bss.space     0x20000625        0x1 Src\oled.o
                0x20000625                space
 *(COMMON)
 *fill*         0x20000626        0x2 
 COMMON         0x20000628        0x4 Drivers\STM32L0xx_HAL_Driver\Src\stm32l0xx_hal.o
                0x20000628                uwTick
 COMMON         0x2000062c       0x79 Src\lora.o
                0x2000062c                receive
                0x2000067c                toParse
 *fill*         0x200006a5        0x3 
 COMMON         0x200006a8      0x270 Src\main.o
                0x200006a8                hspi2
                0x20000700                HR_Valid
                0x20000704                hi2c1
                0x20000750                hdma_usart1_rx
                0x20000798                huart1
                0x20000818                GGA_MESSAGE
                0x2000084a                sendMeasurements
                0x20000865                longitude
                0x20000870                fix
                0x20000872                latitude
                0x2000087c                hspi1
                0x200008d4                SPO2_Valid
                0x200008d8                htim2
                0x20000914                longDir
                0x20000916                latDir
                0x20000918                . = ALIGN (0x4)
                0x20000918                _ebss = .
                0x20000918                __bss_end__ = _ebss

._user_heap_stack
                0x20000918      0x600 load address 0x08004be8
                0x20000918                . = ALIGN (0x4)
                0x20000918                PROVIDE (end, .)
                [!provide]                PROVIDE (_end, .)
                0x20000b18                . = (. + _Min_Heap_Size)
 *fill*         0x20000918      0x200 
                0x20000f18                . = (. + _Min_Stack_Size)
 *fill*         0x20000b18      0x400 
                0x20000f18                . = ALIGN (0x4)

/DISCARD/
 libc.a(*)
 libm.a(*)
 libgcc.a(*)

.ARM.attributes
                0x00000000       0x28
 *(.ARM.attributes)
 .ARM.attributes
                0x00000000       0x1e c:/program files (x86)/atollic/truestudio for stm32 9.2.0/armtools/bin/../lib/gcc/arm-atollic-eabi/6.3.1/armv6-m/crti.o
 .ARM.attributes
                0x0000001e       0x2c c:/program files (x86)/atollic/truestudio for stm32 9.2.0/armtools/bin/../lib/gcc/arm-atollic-eabi/6.3.1/armv6-m/crtbegin.o
 .ARM.attributes
                0x0000004a       0x32 Drivers\STM32L0xx_HAL_Driver\Src\stm32l0xx_hal.o
 .ARM.attributes
                0x0000007c       0x32 Drivers\STM32L0xx_HAL_Driver\Src\stm32l0xx_hal_cortex.o
 .ARM.attributes
                0x000000ae       0x32 Drivers\STM32L0xx_HAL_Driver\Src\stm32l0xx_hal_dma.o
 .ARM.attributes
                0x000000e0       0x32 Drivers\STM32L0xx_HAL_Driver\Src\stm32l0xx_hal_gpio.o
 .ARM.attributes
                0x00000112       0x32 Drivers\STM32L0xx_HAL_Driver\Src\stm32l0xx_hal_i2c.o
 .ARM.attributes
                0x00000144       0x32 Drivers\STM32L0xx_HAL_Driver\Src\stm32l0xx_hal_i2c_ex.o
 .ARM.attributes
                0x00000176       0x32 Drivers\STM32L0xx_HAL_Driver\Src\stm32l0xx_hal_rcc.o
 .ARM.attributes
                0x000001a8       0x32 Drivers\STM32L0xx_HAL_Driver\Src\stm32l0xx_hal_rcc_ex.o
 .ARM.attributes
                0x000001da       0x32 Drivers\STM32L0xx_HAL_Driver\Src\stm32l0xx_hal_spi.o
 .ARM.attributes
                0x0000020c       0x32 Drivers\STM32L0xx_HAL_Driver\Src\stm32l0xx_hal_tim.o
 .ARM.attributes
                0x0000023e       0x32 Drivers\STM32L0xx_HAL_Driver\Src\stm32l0xx_hal_tim_ex.o
 .ARM.attributes
                0x00000270       0x32 Drivers\STM32L0xx_HAL_Driver\Src\stm32l0xx_hal_uart.o
 .ARM.attributes
                0x000002a2       0x32 Drivers\STM32L0xx_HAL_Driver\Src\stm32l0xx_hal_uart_ex.o
 .ARM.attributes
                0x000002d4       0x32 Src\gps.o
 .ARM.attributes
                0x00000306       0x32 Src\hr.o
 .ARM.attributes
                0x00000338       0x32 Src\lora.o
 .ARM.attributes
                0x0000036a       0x32 Src\main.o
 .ARM.attributes
                0x0000039c       0x32 Src\oled.o
 .ARM.attributes
                0x000003ce       0x32 Src\receive_packet.o
 .ARM.attributes
                0x00000400       0x32 Src\stm32l0xx_hal_msp.o
 .ARM.attributes
                0x00000432       0x32 Src\stm32l0xx_it.o
 .ARM.attributes
                0x00000464       0x32 Src\system_stm32l0xx.o
 .ARM.attributes
                0x00000496       0x22 startup\startup_stm32l053xx.o
 .ARM.attributes
                0x000004b8       0x2c c:/program files (x86)/atollic/truestudio for stm32 9.2.0/armtools/bin/../lib/gcc/arm-atollic-eabi/6.3.1/../../../../arm-atollic-eabi/lib/armv6-m\libc_nano.a(lib_a-init.o)
 .ARM.attributes
                0x000004e4       0x2c c:/program files (x86)/atollic/truestudio for stm32 9.2.0/armtools/bin/../lib/gcc/arm-atollic-eabi/6.3.1/../../../../arm-atollic-eabi/lib/armv6-m\libc_nano.a(lib_a-memcpy-stub.o)
 .ARM.attributes
                0x00000510       0x2c c:/program files (x86)/atollic/truestudio for stm32 9.2.0/armtools/bin/../lib/gcc/arm-atollic-eabi/6.3.1/../../../../arm-atollic-eabi/lib/armv6-m\libc_nano.a(lib_a-memset.o)
 .ARM.attributes
                0x0000053c       0x2c c:/program files (x86)/atollic/truestudio for stm32 9.2.0/armtools/bin/../lib/gcc/arm-atollic-eabi/6.3.1/../../../../arm-atollic-eabi/lib/armv6-m\libc_nano.a(lib_a-strcat.o)
 .ARM.attributes
                0x00000568       0x1c c:/program files (x86)/atollic/truestudio for stm32 9.2.0/armtools/bin/../lib/gcc/arm-atollic-eabi/6.3.1/../../../../arm-atollic-eabi/lib/armv6-m\libc_nano.a(lib_a-strcmp.o)
 .ARM.attributes
                0x00000584       0x2c c:/program files (x86)/atollic/truestudio for stm32 9.2.0/armtools/bin/../lib/gcc/arm-atollic-eabi/6.3.1/../../../../arm-atollic-eabi/lib/armv6-m\libc_nano.a(lib_a-strcpy.o)
 .ARM.attributes
                0x000005b0       0x1e c:/program files (x86)/atollic/truestudio for stm32 9.2.0/armtools/bin/../lib/gcc/arm-atollic-eabi/6.3.1/armv6-m\libgcc.a(_thumb1_case_uqi.o)
 .ARM.attributes
                0x000005ce       0x1e c:/program files (x86)/atollic/truestudio for stm32 9.2.0/armtools/bin/../lib/gcc/arm-atollic-eabi/6.3.1/armv6-m\libgcc.a(_udivsi3.o)
 .ARM.attributes
                0x000005ec       0x1e c:/program files (x86)/atollic/truestudio for stm32 9.2.0/armtools/bin/../lib/gcc/arm-atollic-eabi/6.3.1/armv6-m\libgcc.a(_divsi3.o)
 .ARM.attributes
                0x0000060a       0x1e c:/program files (x86)/atollic/truestudio for stm32 9.2.0/armtools/bin/../lib/gcc/arm-atollic-eabi/6.3.1/armv6-m\libgcc.a(_dvmd_tls.o)
 .ARM.attributes
                0x00000628       0x1e c:/program files (x86)/atollic/truestudio for stm32 9.2.0/armtools/bin/../lib/gcc/arm-atollic-eabi/6.3.1/armv6-m\libgcc.a(_aeabi_uldivmod.o)
 .ARM.attributes
                0x00000646       0x2c c:/program files (x86)/atollic/truestudio for stm32 9.2.0/armtools/bin/../lib/gcc/arm-atollic-eabi/6.3.1/armv6-m\libgcc.a(_udivmoddi4.o)
 .ARM.attributes
                0x00000672       0x1e c:/program files (x86)/atollic/truestudio for stm32 9.2.0/armtools/bin/../lib/gcc/arm-atollic-eabi/6.3.1/armv6-m\libgcc.a(_clzdi2.o)
 .ARM.attributes
                0x00000690       0x1e c:/program files (x86)/atollic/truestudio for stm32 9.2.0/armtools/bin/../lib/gcc/arm-atollic-eabi/6.3.1/armv6-m\libgcc.a(_clzsi2.o)
 .ARM.attributes
                0x000006ae       0x1e c:/program files (x86)/atollic/truestudio for stm32 9.2.0/armtools/bin/../lib/gcc/arm-atollic-eabi/6.3.1/armv6-m/crtn.o
OUTPUT(Final_Integration.elf elf32-littlearm)

.debug_info     0x00000000    0x1a33e
 .debug_info    0x00000000      0x865 Drivers\STM32L0xx_HAL_Driver\Src\stm32l0xx_hal.o
 .debug_info    0x00000865      0x9b5 Drivers\STM32L0xx_HAL_Driver\Src\stm32l0xx_hal_cortex.o
 .debug_info    0x0000121a      0x813 Drivers\STM32L0xx_HAL_Driver\Src\stm32l0xx_hal_dma.o
 .debug_info    0x00001a2d      0x6d2 Drivers\STM32L0xx_HAL_Driver\Src\stm32l0xx_hal_gpio.o
 .debug_info    0x000020ff     0x381b Drivers\STM32L0xx_HAL_Driver\Src\stm32l0xx_hal_i2c.o
 .debug_info    0x0000591a      0x8ed Drivers\STM32L0xx_HAL_Driver\Src\stm32l0xx_hal_i2c_ex.o
 .debug_info    0x00006207      0xbfe Drivers\STM32L0xx_HAL_Driver\Src\stm32l0xx_hal_rcc.o
 .debug_info    0x00006e05      0x8c0 Drivers\STM32L0xx_HAL_Driver\Src\stm32l0xx_hal_rcc_ex.o
 .debug_info    0x000076c5     0x1cd3 Drivers\STM32L0xx_HAL_Driver\Src\stm32l0xx_hal_spi.o
 .debug_info    0x00009398     0x33a3 Drivers\STM32L0xx_HAL_Driver\Src\stm32l0xx_hal_tim.o
 .debug_info    0x0000c73b      0x68b Drivers\STM32L0xx_HAL_Driver\Src\stm32l0xx_hal_tim_ex.o
 .debug_info    0x0000cdc6     0x1b5a Drivers\STM32L0xx_HAL_Driver\Src\stm32l0xx_hal_uart.o
 .debug_info    0x0000e920      0x983 Drivers\STM32L0xx_HAL_Driver\Src\stm32l0xx_hal_uart_ex.o
 .debug_info    0x0000f2a3     0x11e6 Src\gps.o
 .debug_info    0x00010489     0x1545 Src\hr.o
 .debug_info    0x000119ce     0x1a48 Src\lora.o
 .debug_info    0x00013416     0x2e0d Src\main.o
 .debug_info    0x00016223     0x135d Src\oled.o
 .debug_info    0x00017580      0xb35 Src\receive_packet.o
 .debug_info    0x000180b5     0x1458 Src\stm32l0xx_hal_msp.o
 .debug_info    0x0001950d      0xa12 Src\stm32l0xx_it.o
 .debug_info    0x00019f1f      0x398 Src\system_stm32l0xx.o
 .debug_info    0x0001a2b7       0x87 startup\startup_stm32l053xx.o

.debug_abbrev   0x00000000     0x3510
 .debug_abbrev  0x00000000      0x28c Drivers\STM32L0xx_HAL_Driver\Src\stm32l0xx_hal.o
 .debug_abbrev  0x0000028c      0x266 Drivers\STM32L0xx_HAL_Driver\Src\stm32l0xx_hal_cortex.o
 .debug_abbrev  0x000004f2      0x1fe Drivers\STM32L0xx_HAL_Driver\Src\stm32l0xx_hal_dma.o
 .debug_abbrev  0x000006f0      0x1ca Drivers\STM32L0xx_HAL_Driver\Src\stm32l0xx_hal_gpio.o
 .debug_abbrev  0x000008ba      0x334 Drivers\STM32L0xx_HAL_Driver\Src\stm32l0xx_hal_i2c.o
 .debug_abbrev  0x00000bee      0x1ba Drivers\STM32L0xx_HAL_Driver\Src\stm32l0xx_hal_i2c_ex.o
 .debug_abbrev  0x00000da8      0x2be Drivers\STM32L0xx_HAL_Driver\Src\stm32l0xx_hal_rcc.o
 .debug_abbrev  0x00001066      0x22a Drivers\STM32L0xx_HAL_Driver\Src\stm32l0xx_hal_rcc_ex.o
 .debug_abbrev  0x00001290      0x336 Drivers\STM32L0xx_HAL_Driver\Src\stm32l0xx_hal_spi.o
 .debug_abbrev  0x000015c6      0x32a Drivers\STM32L0xx_HAL_Driver\Src\stm32l0xx_hal_tim.o
 .debug_abbrev  0x000018f0      0x197 Drivers\STM32L0xx_HAL_Driver\Src\stm32l0xx_hal_tim_ex.o
 .debug_abbrev  0x00001a87      0x321 Drivers\STM32L0xx_HAL_Driver\Src\stm32l0xx_hal_uart.o
 .debug_abbrev  0x00001da8      0x241 Drivers\STM32L0xx_HAL_Driver\Src\stm32l0xx_hal_uart_ex.o
 .debug_abbrev  0x00001fe9      0x25d Src\gps.o
 .debug_abbrev  0x00002246      0x284 Src\hr.o
 .debug_abbrev  0x000024ca      0x2a9 Src\lora.o
 .debug_abbrev  0x00002773      0x3bc Src\main.o
 .debug_abbrev  0x00002b2f      0x2b7 Src\oled.o
 .debug_abbrev  0x00002de6      0x20e Src\receive_packet.o
 .debug_abbrev  0x00002ff4      0x226 Src\stm32l0xx_hal_msp.o
 .debug_abbrev  0x0000321a      0x1d6 Src\stm32l0xx_it.o
 .debug_abbrev  0x000033f0      0x10e Src\system_stm32l0xx.o
 .debug_abbrev  0x000034fe       0x12 startup\startup_stm32l053xx.o

.debug_loc      0x00000000     0xcdc0
 .debug_loc     0x00000000      0x13d Drivers\STM32L0xx_HAL_Driver\Src\stm32l0xx_hal.o
 .debug_loc     0x0000013d      0x3ed Drivers\STM32L0xx_HAL_Driver\Src\stm32l0xx_hal_cortex.o
 .debug_loc     0x0000052a      0x79c Drivers\STM32L0xx_HAL_Driver\Src\stm32l0xx_hal_dma.o
 .debug_loc     0x00000cc6      0x2ea Drivers\STM32L0xx_HAL_Driver\Src\stm32l0xx_hal_gpio.o
 .debug_loc     0x00000fb0     0x3a47 Drivers\STM32L0xx_HAL_Driver\Src\stm32l0xx_hal_i2c.o
 .debug_loc     0x000049f7      0x1bc Drivers\STM32L0xx_HAL_Driver\Src\stm32l0xx_hal_i2c_ex.o
 .debug_loc     0x00004bb3      0x561 Drivers\STM32L0xx_HAL_Driver\Src\stm32l0xx_hal_rcc.o
 .debug_loc     0x00005114      0x5da Drivers\STM32L0xx_HAL_Driver\Src\stm32l0xx_hal_rcc_ex.o
 .debug_loc     0x000056ee     0x17df Drivers\STM32L0xx_HAL_Driver\Src\stm32l0xx_hal_spi.o
 .debug_loc     0x00006ecd     0x37f1 Drivers\STM32L0xx_HAL_Driver\Src\stm32l0xx_hal_tim.o
 .debug_loc     0x0000a6be       0xd3 Drivers\STM32L0xx_HAL_Driver\Src\stm32l0xx_hal_tim_ex.o
 .debug_loc     0x0000a791     0x14e6 Drivers\STM32L0xx_HAL_Driver\Src\stm32l0xx_hal_uart.o
 .debug_loc     0x0000bc77      0x320 Drivers\STM32L0xx_HAL_Driver\Src\stm32l0xx_hal_uart_ex.o
 .debug_loc     0x0000bf97       0x81 Src\gps.o
 .debug_loc     0x0000c018      0x176 Src\hr.o
 .debug_loc     0x0000c18e      0x1eb Src\lora.o
 .debug_loc     0x0000c379      0x46c Src\main.o
 .debug_loc     0x0000c7e5      0x2fc Src\oled.o
 .debug_loc     0x0000cae1       0x2c Src\receive_packet.o
 .debug_loc     0x0000cb0d      0x158 Src\stm32l0xx_hal_msp.o
 .debug_loc     0x0000cc65      0x15b Src\system_stm32l0xx.o

.debug_aranges  0x00000000      0xec8
 .debug_aranges
                0x00000000       0xf0 Drivers\STM32L0xx_HAL_Driver\Src\stm32l0xx_hal.o
 .debug_aranges
                0x000000f0       0x90 Drivers\STM32L0xx_HAL_Driver\Src\stm32l0xx_hal_cortex.o
 .debug_aranges
                0x00000180       0x78 Drivers\STM32L0xx_HAL_Driver\Src\stm32l0xx_hal_dma.o
 .debug_aranges
                0x000001f8       0x58 Drivers\STM32L0xx_HAL_Driver\Src\stm32l0xx_hal_gpio.o
 .debug_aranges
                0x00000250      0x238 Drivers\STM32L0xx_HAL_Driver\Src\stm32l0xx_hal_i2c.o
 .debug_aranges
                0x00000488       0x48 Drivers\STM32L0xx_HAL_Driver\Src\stm32l0xx_hal_i2c_ex.o
 .debug_aranges
                0x000004d0       0x80 Drivers\STM32L0xx_HAL_Driver\Src\stm32l0xx_hal_rcc.o
 .debug_aranges
                0x00000550       0x98 Drivers\STM32L0xx_HAL_Driver\Src\stm32l0xx_hal_rcc_ex.o
 .debug_aranges
                0x000005e8      0x188 Drivers\STM32L0xx_HAL_Driver\Src\stm32l0xx_hal_spi.o
 .debug_aranges
                0x00000770      0x238 Drivers\STM32L0xx_HAL_Driver\Src\stm32l0xx_hal_tim.o
 .debug_aranges
                0x000009a8       0x28 Drivers\STM32L0xx_HAL_Driver\Src\stm32l0xx_hal_tim_ex.o
 .debug_aranges
                0x000009d0      0x1a0 Drivers\STM32L0xx_HAL_Driver\Src\stm32l0xx_hal_uart.o
 .debug_aranges
                0x00000b70       0x58 Drivers\STM32L0xx_HAL_Driver\Src\stm32l0xx_hal_uart_ex.o
 .debug_aranges
                0x00000bc8       0x28 Src\gps.o
 .debug_aranges
                0x00000bf0       0x88 Src\hr.o
 .debug_aranges
                0x00000c78       0x60 Src\lora.o
 .debug_aranges
                0x00000cd8       0x48 Src\main.o
 .debug_aranges
                0x00000d20       0x80 Src\oled.o
 .debug_aranges
                0x00000da0       0x20 Src\receive_packet.o
 .debug_aranges
                0x00000dc0       0x60 Src\stm32l0xx_hal_msp.o
 .debug_aranges
                0x00000e20       0x58 Src\stm32l0xx_it.o
 .debug_aranges
                0x00000e78       0x28 Src\system_stm32l0xx.o
 .debug_aranges
                0x00000ea0       0x28 startup\startup_stm32l053xx.o

.debug_ranges   0x00000000     0x14e8
 .debug_ranges  0x00000000       0xe0 Drivers\STM32L0xx_HAL_Driver\Src\stm32l0xx_hal.o
 .debug_ranges  0x000000e0      0x138 Drivers\STM32L0xx_HAL_Driver\Src\stm32l0xx_hal_cortex.o
 .debug_ranges  0x00000218       0xa8 Drivers\STM32L0xx_HAL_Driver\Src\stm32l0xx_hal_dma.o
 .debug_ranges  0x000002c0       0x48 Drivers\STM32L0xx_HAL_Driver\Src\stm32l0xx_hal_gpio.o
 .debug_ranges  0x00000308      0x288 Drivers\STM32L0xx_HAL_Driver\Src\stm32l0xx_hal_i2c.o
 .debug_ranges  0x00000590       0x38 Drivers\STM32L0xx_HAL_Driver\Src\stm32l0xx_hal_i2c_ex.o
 .debug_ranges  0x000005c8       0xb8 Drivers\STM32L0xx_HAL_Driver\Src\stm32l0xx_hal_rcc.o
 .debug_ranges  0x00000680       0xa8 Drivers\STM32L0xx_HAL_Driver\Src\stm32l0xx_hal_rcc_ex.o
 .debug_ranges  0x00000728      0x250 Drivers\STM32L0xx_HAL_Driver\Src\stm32l0xx_hal_spi.o
 .debug_ranges  0x00000978      0x488 Drivers\STM32L0xx_HAL_Driver\Src\stm32l0xx_hal_tim.o
 .debug_ranges  0x00000e00       0x18 Drivers\STM32L0xx_HAL_Driver\Src\stm32l0xx_hal_tim_ex.o
 .debug_ranges  0x00000e18      0x190 Drivers\STM32L0xx_HAL_Driver\Src\stm32l0xx_hal_uart.o
 .debug_ranges  0x00000fa8       0x48 Drivers\STM32L0xx_HAL_Driver\Src\stm32l0xx_hal_uart_ex.o
 .debug_ranges  0x00000ff0       0x18 Src\gps.o
 .debug_ranges  0x00001008       0x78 Src\hr.o
 .debug_ranges  0x00001080       0x70 Src\lora.o
 .debug_ranges  0x000010f0      0x1d8 Src\main.o
 .debug_ranges  0x000012c8       0xc0 Src\oled.o
 .debug_ranges  0x00001388       0x10 Src\receive_packet.o
 .debug_ranges  0x00001398       0xd0 Src\stm32l0xx_hal_msp.o
 .debug_ranges  0x00001468       0x48 Src\stm32l0xx_it.o
 .debug_ranges  0x000014b0       0x18 Src\system_stm32l0xx.o
 .debug_ranges  0x000014c8       0x20 startup\startup_stm32l053xx.o

.debug_line     0x00000000     0x8d2a
 .debug_line    0x00000000      0x45d Drivers\STM32L0xx_HAL_Driver\Src\stm32l0xx_hal.o
 .debug_line    0x0000045d      0x43a Drivers\STM32L0xx_HAL_Driver\Src\stm32l0xx_hal_cortex.o
 .debug_line    0x00000897      0x4a0 Drivers\STM32L0xx_HAL_Driver\Src\stm32l0xx_hal_dma.o
 .debug_line    0x00000d37      0x3b8 Drivers\STM32L0xx_HAL_Driver\Src\stm32l0xx_hal_gpio.o
 .debug_line    0x000010ef     0x19f6 Drivers\STM32L0xx_HAL_Driver\Src\stm32l0xx_hal_i2c.o
 .debug_line    0x00002ae5      0x37a Drivers\STM32L0xx_HAL_Driver\Src\stm32l0xx_hal_i2c_ex.o
 .debug_line    0x00002e5f      0x595 Drivers\STM32L0xx_HAL_Driver\Src\stm32l0xx_hal_rcc.o
 .debug_line    0x000033f4      0x55a Drivers\STM32L0xx_HAL_Driver\Src\stm32l0xx_hal_rcc_ex.o
 .debug_line    0x0000394e      0xc61 Drivers\STM32L0xx_HAL_Driver\Src\stm32l0xx_hal_spi.o
 .debug_line    0x000045af     0x111b Drivers\STM32L0xx_HAL_Driver\Src\stm32l0xx_hal_tim.o
 .debug_line    0x000056ca      0x2a8 Drivers\STM32L0xx_HAL_Driver\Src\stm32l0xx_hal_tim_ex.o
 .debug_line    0x00005972      0xe48 Drivers\STM32L0xx_HAL_Driver\Src\stm32l0xx_hal_uart.o
 .debug_line    0x000067ba      0x38b Drivers\STM32L0xx_HAL_Driver\Src\stm32l0xx_hal_uart_ex.o
 .debug_line    0x00006b45      0x342 Src\gps.o
 .debug_line    0x00006e87      0x47a Src\hr.o
 .debug_line    0x00007301      0x420 Src\lora.o
 .debug_line    0x00007721      0x62e Src\main.o
 .debug_line    0x00007d4f      0x410 Src\oled.o
 .debug_line    0x0000815f      0x299 Src\receive_packet.o
 .debug_line    0x000083f8      0x3d4 Src\stm32l0xx_hal_msp.o
 .debug_line    0x000087cc      0x2ac Src\stm32l0xx_it.o
 .debug_line    0x00008a78      0x22f Src\system_stm32l0xx.o
 .debug_line    0x00008ca7       0x83 startup\startup_stm32l053xx.o

.debug_str      0x00000000     0x4fd7
 .debug_str     0x00000000      0x78e Drivers\STM32L0xx_HAL_Driver\Src\stm32l0xx_hal.o
                                0x7e5 (size before relaxing)
 .debug_str     0x0000078e      0x2e8 Drivers\STM32L0xx_HAL_Driver\Src\stm32l0xx_hal_cortex.o
                                0x768 (size before relaxing)
 .debug_str     0x00000a76      0x40e Drivers\STM32L0xx_HAL_Driver\Src\stm32l0xx_hal_dma.o
                                0x69f (size before relaxing)
 .debug_str     0x00000e84      0x1a4 Drivers\STM32L0xx_HAL_Driver\Src\stm32l0xx_hal_gpio.o
                                0x4b9 (size before relaxing)
 .debug_str     0x00001028      0xadb Drivers\STM32L0xx_HAL_Driver\Src\stm32l0xx_hal_i2c.o
                                0xf87 (size before relaxing)
 .debug_str     0x00001b03       0xfa Drivers\STM32L0xx_HAL_Driver\Src\stm32l0xx_hal_i2c_ex.o
                                0x891 (size before relaxing)
 .debug_str     0x00001bfd      0x323 Drivers\STM32L0xx_HAL_Driver\Src\stm32l0xx_hal_rcc.o
                                0x711 (size before relaxing)
 .debug_str     0x00001f20      0x427 Drivers\STM32L0xx_HAL_Driver\Src\stm32l0xx_hal_rcc_ex.o
                                0x7fd (size before relaxing)
 .debug_str     0x00002347      0x6dd Drivers\STM32L0xx_HAL_Driver\Src\stm32l0xx_hal_spi.o
                                0xba6 (size before relaxing)
 .debug_str     0x00002a24      0xfa0 Drivers\STM32L0xx_HAL_Driver\Src\stm32l0xx_hal_tim.o
                               0x144b (size before relaxing)
 .debug_str     0x000039c4       0xc7 Drivers\STM32L0xx_HAL_Driver\Src\stm32l0xx_hal_tim_ex.o
                                0x6b4 (size before relaxing)
 .debug_str     0x00003a8b      0x83a Drivers\STM32L0xx_HAL_Driver\Src\stm32l0xx_hal_uart.o
                                0xe65 (size before relaxing)
 .debug_str     0x000042c5      0x185 Drivers\STM32L0xx_HAL_Driver\Src\stm32l0xx_hal_uart_ex.o
                                0x833 (size before relaxing)
 .debug_str     0x0000444a      0x4ad Src\gps.o
                                0xac4 (size before relaxing)
 .debug_str     0x000048f7      0x1ce Src\hr.o
                                0xb33 (size before relaxing)
 .debug_str     0x00004ac5       0xf1 Src\lora.o
                                0xbb9 (size before relaxing)
 .debug_str     0x00004bb6      0x1fc Src\main.o
                               0x1b1a (size before relaxing)
 .debug_str     0x00004db2       0xb9 Src\oled.o
                                0x770 (size before relaxing)
 .debug_str     0x00004e6b       0x36 Src\receive_packet.o
                                0x6a4 (size before relaxing)
 .debug_str     0x00004ea1       0x25 Src\stm32l0xx_hal_msp.o
                                0xfe1 (size before relaxing)
 .debug_str     0x00004ec6       0xc3 Src\stm32l0xx_it.o
                                0x8d8 (size before relaxing)
 .debug_str     0x00004f89       0x4e Src\system_stm32l0xx.o
                                0x30b (size before relaxing)

.comment        0x00000000       0x7c
 .comment       0x00000000       0x7c Drivers\STM32L0xx_HAL_Driver\Src\stm32l0xx_hal.o
                                 0x7d (size before relaxing)
 .comment       0x0000007c       0x7d Drivers\STM32L0xx_HAL_Driver\Src\stm32l0xx_hal_cortex.o
 .comment       0x0000007c       0x7d Drivers\STM32L0xx_HAL_Driver\Src\stm32l0xx_hal_dma.o
 .comment       0x0000007c       0x7d Drivers\STM32L0xx_HAL_Driver\Src\stm32l0xx_hal_gpio.o
 .comment       0x0000007c       0x7d Drivers\STM32L0xx_HAL_Driver\Src\stm32l0xx_hal_i2c.o
 .comment       0x0000007c       0x7d Drivers\STM32L0xx_HAL_Driver\Src\stm32l0xx_hal_i2c_ex.o
 .comment       0x0000007c       0x7d Drivers\STM32L0xx_HAL_Driver\Src\stm32l0xx_hal_rcc.o
 .comment       0x0000007c       0x7d Drivers\STM32L0xx_HAL_Driver\Src\stm32l0xx_hal_rcc_ex.o
 .comment       0x0000007c       0x7d Drivers\STM32L0xx_HAL_Driver\Src\stm32l0xx_hal_spi.o
 .comment       0x0000007c       0x7d Drivers\STM32L0xx_HAL_Driver\Src\stm32l0xx_hal_tim.o
 .comment       0x0000007c       0x7d Drivers\STM32L0xx_HAL_Driver\Src\stm32l0xx_hal_tim_ex.o
 .comment       0x0000007c       0x7d Drivers\STM32L0xx_HAL_Driver\Src\stm32l0xx_hal_uart.o
 .comment       0x0000007c       0x7d Drivers\STM32L0xx_HAL_Driver\Src\stm32l0xx_hal_uart_ex.o
 .comment       0x0000007c       0x7d Src\gps.o
 .comment       0x0000007c       0x7d Src\hr.o
 .comment       0x0000007c       0x7d Src\lora.o
 .comment       0x0000007c       0x7d Src\main.o
 .comment       0x0000007c       0x7d Src\oled.o
 .comment       0x0000007c       0x7d Src\receive_packet.o
 .comment       0x0000007c       0x7d Src\stm32l0xx_hal_msp.o
 .comment       0x0000007c       0x7d Src\stm32l0xx_it.o
 .comment       0x0000007c       0x7d Src\system_stm32l0xx.o

.debug_frame    0x00000000     0x2f80
 .debug_frame   0x00000000      0x1f8 Drivers\STM32L0xx_HAL_Driver\Src\stm32l0xx_hal.o
 .debug_frame   0x000001f8      0x11c Drivers\STM32L0xx_HAL_Driver\Src\stm32l0xx_hal_cortex.o
 .debug_frame   0x00000314      0x164 Drivers\STM32L0xx_HAL_Driver\Src\stm32l0xx_hal_dma.o
 .debug_frame   0x00000478       0xbc Drivers\STM32L0xx_HAL_Driver\Src\stm32l0xx_hal_gpio.o
 .debug_frame   0x00000534      0x85c Drivers\STM32L0xx_HAL_Driver\Src\stm32l0xx_hal_i2c.o
 .debug_frame   0x00000d90       0xa8 Drivers\STM32L0xx_HAL_Driver\Src\stm32l0xx_hal_i2c_ex.o
 .debug_frame   0x00000e38      0x148 Drivers\STM32L0xx_HAL_Driver\Src\stm32l0xx_hal_rcc.o
 .debug_frame   0x00000f80      0x18c Drivers\STM32L0xx_HAL_Driver\Src\stm32l0xx_hal_rcc_ex.o
 .debug_frame   0x0000110c      0x568 Drivers\STM32L0xx_HAL_Driver\Src\stm32l0xx_hal_spi.o
 .debug_frame   0x00001674      0x96c Drivers\STM32L0xx_HAL_Driver\Src\stm32l0xx_hal_tim.o
 .debug_frame   0x00001fe0       0x44 Drivers\STM32L0xx_HAL_Driver\Src\stm32l0xx_hal_tim_ex.o
 .debug_frame   0x00002024      0x574 Drivers\STM32L0xx_HAL_Driver\Src\stm32l0xx_hal_uart.o
 .debug_frame   0x00002598       0xc0 Drivers\STM32L0xx_HAL_Driver\Src\stm32l0xx_hal_uart_ex.o
 .debug_frame   0x00002658       0x50 Src\gps.o
 .debug_frame   0x000026a8      0x1c8 Src\hr.o
 .debug_frame   0x00002870      0x114 Src\lora.o
 .debug_frame   0x00002984       0xc0 Src\main.o
 .debug_frame   0x00002a44      0x1a8 Src\oled.o
 .debug_frame   0x00002bec       0x30 Src\receive_packet.o
 .debug_frame   0x00002c1c       0xf0 Src\stm32l0xx_hal_msp.o
 .debug_frame   0x00002d0c       0xe0 Src\stm32l0xx_it.o
 .debug_frame   0x00002dec       0x3c Src\system_stm32l0xx.o
 .debug_frame   0x00002e28       0x2c c:/program files (x86)/atollic/truestudio for stm32 9.2.0/armtools/bin/../lib/gcc/arm-atollic-eabi/6.3.1/../../../../arm-atollic-eabi/lib/armv6-m\libc_nano.a(lib_a-init.o)
 .debug_frame   0x00002e54       0x28 c:/program files (x86)/atollic/truestudio for stm32 9.2.0/armtools/bin/../lib/gcc/arm-atollic-eabi/6.3.1/../../../../arm-atollic-eabi/lib/armv6-m\libc_nano.a(lib_a-memcpy-stub.o)
 .debug_frame   0x00002e7c       0x20 c:/program files (x86)/atollic/truestudio for stm32 9.2.0/armtools/bin/../lib/gcc/arm-atollic-eabi/6.3.1/../../../../arm-atollic-eabi/lib/armv6-m\libc_nano.a(lib_a-memset.o)
 .debug_frame   0x00002e9c       0x28 c:/program files (x86)/atollic/truestudio for stm32 9.2.0/armtools/bin/../lib/gcc/arm-atollic-eabi/6.3.1/../../../../arm-atollic-eabi/lib/armv6-m\libc_nano.a(lib_a-strcat.o)
 .debug_frame   0x00002ec4       0x20 c:/program files (x86)/atollic/truestudio for stm32 9.2.0/armtools/bin/../lib/gcc/arm-atollic-eabi/6.3.1/../../../../arm-atollic-eabi/lib/armv6-m\libc_nano.a(lib_a-strcmp.o)
 .debug_frame   0x00002ee4       0x20 c:/program files (x86)/atollic/truestudio for stm32 9.2.0/armtools/bin/../lib/gcc/arm-atollic-eabi/6.3.1/../../../../arm-atollic-eabi/lib/armv6-m\libc_nano.a(lib_a-strcpy.o)
 .debug_frame   0x00002f04       0x20 c:/program files (x86)/atollic/truestudio for stm32 9.2.0/armtools/bin/../lib/gcc/arm-atollic-eabi/6.3.1/armv6-m\libgcc.a(_udivsi3.o)
 .debug_frame   0x00002f24       0x20 c:/program files (x86)/atollic/truestudio for stm32 9.2.0/armtools/bin/../lib/gcc/arm-atollic-eabi/6.3.1/armv6-m\libgcc.a(_divsi3.o)
 .debug_frame   0x00002f44       0x3c c:/program files (x86)/atollic/truestudio for stm32 9.2.0/armtools/bin/../lib/gcc/arm-atollic-eabi/6.3.1/armv6-m\libgcc.a(_udivmoddi4.o)
